 MPC_sfun

 Timestamp is 61f3d2c3 (Fri Jan 28 12:25:55 2022)

 Preferred load address is 0000000180000000

 Start         Length     Name                   Class
 0001:00000000 000123f0H .text$mn                CODE
 0001:000123f0 00000012H .text$mn$00             CODE
 0001:00012402 00000081H .text$x                 CODE
 0002:00000000 000004d8H .idata$5                DATA
 0002:000004d8 00000010H .00cfg                  DATA
 0002:000004e8 00000008H .CRT$XCA                DATA
 0002:000004f0 00000008H .CRT$XCZ                DATA
 0002:000004f8 00000008H .CRT$XIA                DATA
 0002:00000500 00000008H .CRT$XIZ                DATA
 0002:00000508 00000008H .CRT$XPA                DATA
 0002:00000510 00000008H .CRT$XPZ                DATA
 0002:00000518 00000008H .CRT$XTA                DATA
 0002:00000520 00000010H .CRT$XTZ                DATA
 0002:00000530 000001c4H .rdata                  DATA
 0002:000006f4 0000022cH .rdata$zzzdbg           DATA
 0002:00000920 00000008H .rtc$IAA                DATA
 0002:00000928 00000008H .rtc$IZZ                DATA
 0002:00000930 00000008H .rtc$TAA                DATA
 0002:00000938 00000008H .rtc$TZZ                DATA
 0002:00000940 000009c0H .xdata                  DATA
 0002:00001300 00000074H .edata                  DATA
 0002:00001374 000000dcH .idata$2                DATA
 0002:00001450 00000018H .idata$3                DATA
 0002:00001468 000004d8H .idata$4                DATA
 0002:00001940 00000ed8H .idata$6                DATA
 0003:00000000 00003280H .data                   DATA
 0003:00003280 00000630H .bss                    DATA
 0004:00000000 00000b64H .pdata                  DATA
 0005:00000000 00000018H .gfids$y                DATA

  Address         Publics by Value              Rva+Base               Lib:Object

 0000:00000000       __guard_fids_count         0000000000000000     <absolute>
 0000:00000000       __dynamic_value_reloc_table 0000000000000000     <absolute>
 0000:00000000       __guard_longjmp_table      0000000000000000     <absolute>
 0000:00000000       __guard_iat_count          0000000000000000     <absolute>
 0000:00000000       __guard_iat_table          0000000000000000     <absolute>
 0000:00000000       __guard_fids_table         0000000000000000     <absolute>
 0000:00000000       ___safe_se_handler_table   0000000000000000     <absolute>
 0000:00000000       ___safe_se_handler_count   0000000000000000     <absolute>
 0000:00000000       __guard_longjmp_count      0000000000000000     <absolute>
 0000:00000100       __guard_flags              0000000000000100     <absolute>
 0000:00000000       __ImageBase                0000000180000000     <linker-defined>
 0001:00000000       MPC_initializer            0000000180001000 f   MPC_sfun.obj
 0001:00000010       MPC_terminator             0000000180001010 f   MPC_sfun.obj
 0001:00000020       load_MPC_optimization_info 0000000180001020 f   MPC_sfun.obj
 0001:000000d0       unload_MPC_optimization_info 00000001800010d0 f   MPC_sfun.obj
 0001:00000100       sf_MPC_method_dispatcher   0000000180001100 f   MPC_sfun.obj
 0001:00000150       sf_MPC_process_testpoint_info_call 0000000180001150 f   MPC_sfun.obj
 0001:00000310       sf_MPC_process_check_sum_call 0000000180001310 f   MPC_sfun.obj
 0001:00000800       sf_MPC_autoinheritance_info 0000000180001800 f   MPC_sfun.obj
 0001:000009e0       sf_MPC_get_eml_resolved_functions_info 00000001800019e0 f   MPC_sfun.obj
 0001:00000bc0       sf_MPC_third_party_uses_info 0000000180001bc0 f   MPC_sfun.obj
 0001:00000d90       sf_MPC_jit_fallback_info   0000000180001d90 f   MPC_sfun.obj
 0001:00000f60       sf_MPC_updateBuildInfo_args_info 0000000180001f60 f   MPC_sfun.obj
 0001:00001130       MPC_debug_initialize       0000000180002130 f   MPC_sfun.obj
 0001:000011b0       MPC_register_exported_symbols 00000001800021b0 f   MPC_sfun.obj
 0001:000011c0       sf_c5_MPC_get_eml_resolved_functions_info 00000001800021c0 f   c5_MPC.obj
 0001:00001240       sf_c5_MPC_get_check_sum    0000000180002240 f   c5_MPC.obj
 0001:00001310       c5_MPC_method_dispatcher   0000000180002310 f   c5_MPC.obj
 0001:000057a0       sf_c5_MPC_get_post_codegen_info 00000001800067a0 f   c5_MPC.obj
 0001:00005870       sf_c5_MPC_get_autoinheritance_info 0000000180006870 f   c5_MPC.obj
 0001:00006690       sf_c5_MPC_third_party_uses_info 0000000180007690 f   c5_MPC.obj
 0001:000066c0       sf_c5_MPC_jit_fallback_info 00000001800076c0 f   c5_MPC.obj
 0001:00006850       sf_c5_MPC_updateBuildInfo_args_info 0000000180007850 f   c5_MPC.obj
 0001:00007850       mexFunction                0000000180008850 f   MPC_sfun_registry.obj
 0001:00009e10       _ssSetInputPortDirectFeedThroughFcn 000000018000ae10 f   MPC_sfun_registry.obj
 0001:00009f80       _ssSetRWorkValueFcn        000000018000af80 f   MPC_sfun_registry.obj
 0001:0000a000       _ssGetRWorkValueFcn        000000018000b000 f   MPC_sfun_registry.obj
 0001:0000a070       _ssSetIWorkValueFcn        000000018000b070 f   MPC_sfun_registry.obj
 0001:0000a0f0       _ssGetIWorkValueFcn        000000018000b0f0 f   MPC_sfun_registry.obj
 0001:0000a160       _ssSetPWorkValueFcn        000000018000b160 f   MPC_sfun_registry.obj
 0001:0000a1e0       _ssGetPWorkValueFcn        000000018000b1e0 f   MPC_sfun_registry.obj
 0001:0000a250       _ssGetInputPortSignalFcn   000000018000b250 f   MPC_sfun_registry.obj
 0001:0000a5e0       _ssGetInputPortBufferDstPortFcn 000000018000b5e0 f   MPC_sfun_registry.obj
 0001:0000a660       _ssGetInputPortSignalPtrsFcn 000000018000b660 f   MPC_sfun_registry.obj
 0001:0000a9f0       ssGetParameterTuningCompliance 000000018000b9f0 f   MPC_sfun_registry.obj
 0001:0000aa60       ssGetDTypeIdFromMxArray    000000018000ba60 f   MPC_sfun_registry.obj
 0001:0000ab80       ssWriteRTWMx2dMatParam     000000018000bb80 f   MPC_sfun_registry.obj
 0001:0000ac10       ssWriteRTWMxVectParam      000000018000bc10 f   MPC_sfun_registry.obj
 0001:0000ac90       ssWriteRTWParameters       000000018000bc90 f   MPC_sfun_registry.obj
 0001:0000b250       ssWriteRTWParamSettings    000000018000c250 f   MPC_sfun_registry.obj
 0001:0000b940       ssWriteRTWStr              000000018000c940 f   MPC_sfun_registry.obj
 0001:0000b9a0       ssWriteRTWWorkVect         000000018000c9a0 f   MPC_sfun_registry.obj
 0001:0000bf00       ssWarning                  000000018000cf00 f   MPC_sfun_registry.obj
 0001:0000bff0       _ssSetInputPortReusableFcn 000000018000cff0 f   MPC_sfun_registry.obj
 0001:0000c0f0       _ssSetOutputPortReusableFcn 000000018000d0f0 f   MPC_sfun_registry.obj
 0001:0000c1f0       _ssSetSymbolicDimsSupport  000000018000d1f0 f   MPC_sfun_registry.obj
 0001:0000c260       _ssRegisterSymbolicDimsExpr 000000018000d260 f   MPC_sfun_registry.obj
 0001:0000c2e0       _ssRegisterSymbolicDims    000000018000d2e0 f   MPC_sfun_registry.obj
 0001:0000c380       _ssRegisterSymbolicDimsString 000000018000d380 f   MPC_sfun_registry.obj
 0001:0000c400       _ssRegisterSymbolicDimsIntValue 000000018000d400 f   MPC_sfun_registry.obj
 0001:0000c470       _ssRegisterSymbolicDimsPlus 000000018000d470 f   MPC_sfun_registry.obj
 0001:0000c4f0       _ssRegisterSymbolicDimsMinus 000000018000d4f0 f   MPC_sfun_registry.obj
 0001:0000c570       _ssRegisterSymbolicDimsMultiply 000000018000d570 f   MPC_sfun_registry.obj
 0001:0000c5f0       _ssRegisterSymbolicDimsDivide 000000018000d5f0 f   MPC_sfun_registry.obj
 0001:0000c670       _ssGetNumSymbolicDims      000000018000d670 f   MPC_sfun_registry.obj
 0001:0000c6e0       _ssGetSymbolicDim          000000018000d6e0 f   MPC_sfun_registry.obj
 0001:0000c760       _ssSetInputPortSymbolicDimsId 000000018000d760 f   MPC_sfun_registry.obj
 0001:0000c7d0       _ssGetCompInputPortSymbolicDimsId 000000018000d7d0 f   MPC_sfun_registry.obj
 0001:0000c840       _ssSetCompInputPortSymbolicDimsId 000000018000d840 f   MPC_sfun_registry.obj
 0001:0000c8b0       _ssSetOutputPortSymbolicDimsId 000000018000d8b0 f   MPC_sfun_registry.obj
 0001:0000c920       _ssGetCompOutputPortSymbolicDimsId 000000018000d920 f   MPC_sfun_registry.obj
 0001:0000c990       _ssSetCompOutputPortSymbolicDimsId 000000018000d990 f   MPC_sfun_registry.obj
 0001:0000ca00       _ssSetCompDWorkSymbolicDimsId 000000018000da00 f   MPC_sfun_registry.obj
 0001:0000ca70       ssGetIsZeroCrossControlDisabled 000000018000da70 f   MPC_sfun_registry.obj
 0001:0000cae0       ssSetIsInputPortUsedForContZcSignal 000000018000dae0 f   MPC_sfun_registry.obj
 0001:0000cb50       ssSetZcSignalIsZcElementDisc 000000018000db50 f   MPC_sfun_registry.obj
 0001:0000cc00       ssSetZcSignalName          000000018000dc00 f   MPC_sfun_registry.obj
 0001:0000cc70       ssSetZcSignalWidth         000000018000dc70 f   MPC_sfun_registry.obj
 0001:0000cce0       ssSetZcSignalZcEventType   000000018000dce0 f   MPC_sfun_registry.obj
 0001:0000cd50       ssSetZcSignalType          000000018000dd50 f   MPC_sfun_registry.obj
 0001:0000cdc0       ssSetZcSignalZcTol         000000018000ddc0 f   MPC_sfun_registry.obj
 0001:0000ce30       ssSetZcSignalNeedsEventNotification 000000018000de30 f   MPC_sfun_registry.obj
 0001:0000cea0       ssCreateAndAddZcSignalInfo 000000018000dea0 f   MPC_sfun_registry.obj
 0001:0000cf10       ssCloneAndAddZcSignalInfo  000000018000df10 f   MPC_sfun_registry.obj
 0001:0000cf80       ssGetNumZcSignals          000000018000df80 f   MPC_sfun_registry.obj
 0001:0000cff0       ssGetZcSignalVector        000000018000dff0 f   MPC_sfun_registry.obj
 0001:0000d060       ssGetZcSignalName          000000018000e060 f   MPC_sfun_registry.obj
 0001:0000d0d0       ssGetZcSignalWidth         000000018000e0d0 f   MPC_sfun_registry.obj
 0001:0000d140       ssGetZcSignalZcEventType   000000018000e140 f   MPC_sfun_registry.obj
 0001:0000d1b0       ssGetZcSignalZcEvents      000000018000e1b0 f   MPC_sfun_registry.obj
 0001:0000d220       ssGetZcSignalType          000000018000e220 f   MPC_sfun_registry.obj
 0001:0000d290       ssGetZcSignalZcTol         000000018000e290 f   MPC_sfun_registry.obj
 0001:0000d310       ssGetZcSignalNeedsEventNotification 000000018000e310 f   MPC_sfun_registry.obj
 0001:0000d380       ssGetZcSignalIsZcElementDisc 000000018000e380 f   MPC_sfun_registry.obj
 0001:0000d420       ssGetIsInputPortElementContinuous 000000018000e420 f   MPC_sfun_registry.obj
 0001:0000d4c0       ssWriteRTWNameValuePair    000000018000e4c0 f   MPC_sfun_registry.obj
 0001:0000d9c0       _ssSetInputPortMatrixDimensions 000000018000e9c0 f   MPC_sfun_registry.obj
 0001:0000dae0       _ssSetOutputPortMatrixDimensions 000000018000eae0 f   MPC_sfun_registry.obj
 0001:0000dc00       _ssSetInputPortVectorDimension 000000018000ec00 f   MPC_sfun_registry.obj
 0001:0000dcb0       _ssSetOutputPortVectorDimension 000000018000ecb0 f   MPC_sfun_registry.obj
 0001:0000dd60       ssIsRunTimeParamTunable    000000018000ed60 f   MPC_sfun_registry.obj
 0001:0000ddd0       ssGetSFuncBlockHandle      000000018000edd0 f   MPC_sfun_registry.obj
 0001:0000de40       _ssGetCurrentInputPortWidth 000000018000ee40 f   MPC_sfun_registry.obj
 0001:0000df60       _ssGetCurrentOutputPortWidth 000000018000ef60 f   MPC_sfun_registry.obj
 0001:0000e080       _ssGetCallSystemNumFcnCallDestinations 000000018000f080 f   MPC_sfun_registry.obj
 0001:0000e0f0       _ssGetAbsTol               000000018000f0f0 f   MPC_sfun_registry.obj
 0001:0000e160       _ssSetStateAbsTol          000000018000f160 f   MPC_sfun_registry.obj
 0001:0000e240       sf_process_check_sum_call  000000018000f240 f   MPC_sfun_registry.obj
 0001:0000e290       sf_process_testpoint_info_call 000000018000f290 f   MPC_sfun_registry.obj
 0001:0000e2e0       sf_process_autoinheritance_call 000000018000f2e0 f   MPC_sfun_registry.obj
 0001:0000e510       sf_process_get_third_party_uses_info_call 000000018000f510 f   MPC_sfun_registry.obj
 0001:0000e740       sf_process_get_jit_fallback_info_call 000000018000f740 f   MPC_sfun_registry.obj
 0001:0000e970       sf_process_get_updateBuildInfo_args_info_call 000000018000f970 f   MPC_sfun_registry.obj
 0001:0000eba0       sf_process_get_eml_resolved_functions_info_call 000000018000fba0 f   MPC_sfun_registry.obj
 0001:0000edd0       sf_mex_unlock_call         000000018000fdd0 f   MPC_sfun_registry.obj
 0001:0000f090       sf_machine_global_initializer_called 0000000180010090 f   MPC_sfun_registry.obj
 0001:0000f0c0       sf_machine_global_method_dispatcher 00000001800100c0 f   MPC_sfun_registry.obj
 0001:0000f120       sf_machine_global_terminator 0000000180010120 f   MPC_sfun_registry.obj
 0001:0000f170       sf_register_machine_exported_symbols 0000000180010170 f   MPC_sfun_registry.obj
 0001:0000f190       callCustomFcn              0000000180010190 f   MPC_sfun_registry.obj
 0001:0000f1a0       sf_machine_global_initializer 00000001800101a0 f   MPC_sfun_registry.obj
 0001:0000f220       mdlGetSimState             0000000180010220 f   MPC_sfun_registry.obj
 0001:0000f260       mdlSetSimState             0000000180010260 f   MPC_sfun_registry.obj
 0001:0000fad0       ProcessMexSfunctionEveryCall 0000000180010ad0 f   MPC_sfun_registry.obj
 0001:00010be0       __local_stdio_printf_options 0000000180011be0 f i MPC_sfun_registry.obj
 0001:00010bf0       _vsnprintf_l               0000000180011bf0 f i MPC_sfun_registry.obj
 0001:00010c70       _vsprintf_l                0000000180011c70 f i MPC_sfun_registry.obj
 0001:00010cc0       sprintf                    0000000180011cc0 f i MPC_sfun_registry.obj
 0001:00010d10       mexfilerequiredapiversion  0000000180011d10 f   c_mexapi_version.obj
 0001:00010d32       qpOASES_Options_init       0000000180011d32 f   qpOasesLib:qpOasesLib.dll
 0001:00010d38       QProblem_setup             0000000180011d38 f   qpOasesLib:qpOasesLib.dll
 0001:00010d3e       QProblem_init              0000000180011d3e f   qpOasesLib:qpOasesLib.dll
 0001:00010d44       sf_load_rtw_optimization_info 0000000180011d44 f   sf_runtime:sf_runtime.dll
 0001:00010d4a       sf_debug_initialize_machine 0000000180011d4a f   sf_runtime:sf_runtime.dll
 0001:00010d50       sf_debug_set_machine_event_thresholds 0000000180011d50 f   sf_runtime:sf_runtime.dll
 0001:00010d56       sf_debug_set_machine_data_thresholds 0000000180011d56 f   sf_runtime:sf_runtime.dll
 0001:00010d5c       sf_init_ChartRunTimeInfo   0000000180011d5c f   sf_runtime:sf_runtime.dll
 0001:00010d62       sf_free_ChartRunTimeInfo   0000000180011d62 f   sf_runtime:sf_runtime.dll
 0001:00010d68       sfrtGetEmlrtCtx            0000000180011d68 f   sf_runtime:sf_runtime.dll
 0001:00010d6e       sf_get_chart_instance_ptr  0000000180011d6e f   sf_runtime:sf_runtime.dll
 0001:00010d74       sf_rtw_info_uint_prop      0000000180011d74 f   sf_runtime:sf_runtime.dll
 0001:00010d7a       sf_update_buildInfo        0000000180011d7a f   sf_runtime:sf_runtime.dll
 0001:00010d80       sf_is_chart_inlinable      0000000180011d80 f   sf_runtime:sf_runtime.dll
 0001:00010d86       sf_mark_chart_reusable_outputs 0000000180011d86 f   sf_runtime:sf_runtime.dll
 0001:00010d8c       sf_mark_chart_expressionable_inputs 0000000180011d8c f   sf_runtime:sf_runtime.dll
 0001:00010d92       sim_mode_is_rtw_gen        0000000180011d92 f   sf_runtime:sf_runtime.dll
 0001:00010d98       sim_mode_is_external       0000000180011d98 f   sf_runtime:sf_runtime.dll
 0001:00010d9e       sim_mode_is_modelref_sim   0000000180011d9e f   sf_runtime:sf_runtime.dll
 0001:00010da4       sf_mex_get_sfun_param      0000000180011da4 f   sf_runtime:sf_runtime.dll
 0001:00010daa       sf_clear_rtw_identifier    0000000180011daa f   sf_runtime:sf_runtime.dll
 0001:00010db0       sf_set_rtw_dwork_info      0000000180011db0 f   sf_runtime:sf_runtime.dll
 0001:00010db6       sf_get_time                0000000180011db6 f   sf_runtime:sf_runtime.dll
 0001:00010dbc       sf_is_first_init_cond      0000000180011dbc f   sf_runtime:sf_runtime.dll
 0001:00010dc2       sf_set_chart_accesses_machine_info 0000000180011dc2 f   sf_runtime:sf_runtime.dll
 0001:00010dc8       sf_register_codegen_names_for_scoped_functions_defined_by_chart 0000000180011dc8 f   sf_runtime:sf_runtime.dll
 0001:00010dce       sf_error_out_about_continuous_sample_time_with_persistent_vars 0000000180011dce f   sf_runtime:sf_runtime.dll
 0001:00010dd4       ssSetBlockIsPurelyCombinatorial_wrapper 0000000180011dd4 f   sf_runtime:sf_runtime.dll
 0001:00010dda       sf_mex_error_message       0000000180011dda f   sf_runtime:sf_runtime.dll
 0001:00010de0       sf_mex_create              0000000180011de0 f   sf_runtime:sf_runtime.dll
 0001:00010de6       sf_mex_createcellmatrix    0000000180011de6 f   sf_runtime:sf_runtime.dll
 0001:00010dec       sf_mex_setcell             0000000180011dec f   sf_runtime:sf_runtime.dll
 0001:00010df2       sf_mex_getcell             0000000180011df2 f   sf_runtime:sf_runtime.dll
 0001:00010df8       sf_mex_assign              0000000180011df8 f   sf_runtime:sf_runtime.dll
 0001:00010dfe       sf_mex_dup                 0000000180011dfe f   sf_runtime:sf_runtime.dll
 0001:00010e04       sf_mex_destroy             0000000180011e04 f   sf_runtime:sf_runtime.dll
 0001:00010e0a       sf_mex_import              0000000180011e0a f   sf_runtime:sf_runtime.dll
 0001:00010e10       sf_mex_import_named        0000000180011e10 f   sf_runtime:sf_runtime.dll
 0001:00010e16       sf_mex_decode_encoded_mx_struct_array 0000000180011e16 f   sf_runtime:sf_runtime.dll
 0001:00010e1c       ssGetInputPortSignal_wrapper 0000000180011e1c f   sf_runtime:sf_runtime.dll
 0001:00010e22       ssGetOutputPortSignal_wrapper 0000000180011e22 f   sf_runtime:sf_runtime.dll
 0001:00010e28       sf_debug_initialize_chart  0000000180011e28 f   sf_runtime:sf_runtime.dll
 0001:00010e2e       sf_debug_call              0000000180011e2e f   sf_runtime:sf_runtime.dll
 0001:00010e34       eml_debug_line_call        0000000180011e34 f   sf_runtime:sf_runtime.dll
 0001:00010e3a       cv_eml_eval                0000000180011e3a f   sf_runtime:sf_runtime.dll
 0001:00010e40       cv_eml_init_script         0000000180011e40 f   sf_runtime:sf_runtime.dll
 0001:00010e46       cv_eml_init_fcn            0000000180011e46 f   sf_runtime:sf_runtime.dll
 0001:00010e4c       cv_eml_init_if             0000000180011e4c f   sf_runtime:sf_runtime.dll
 0001:00010e52       sf_debug_reset_current_state_configuration 0000000180011e52 f   sf_runtime:sf_runtime.dll
 0001:00010e58       sf_debug_set_chart_data_props 0000000180011e58 f   sf_runtime:sf_runtime.dll
 0001:00010e5e       sf_debug_set_chart_data_compiled_props 0000000180011e5e f   sf_runtime:sf_runtime.dll
 0001:00010e64       sf_debug_symbol_scope_push 0000000180011e64 f   sf_runtime:sf_runtime.dll
 0001:00010e6a       sf_debug_symbol_scope_push_eml 0000000180011e6a f   sf_runtime:sf_runtime.dll
 0001:00010e70       sf_debug_symbol_scope_pop  0000000180011e70 f   sf_runtime:sf_runtime.dll
 0001:00010e76       sf_debug_symbol_scope_add_eml 0000000180011e76 f   sf_runtime:sf_runtime.dll
 0001:00010e7c       sf_debug_symbol_scope_add_eml_importable 0000000180011e7c f   sf_runtime:sf_runtime.dll
 0001:00010e82       sf_debug_set_instance_data_value_ptr 0000000180011e82 f   sf_runtime:sf_runtime.dll
 0001:00010e88       sf_debug_set_chart_disable_implicit_casting 0000000180011e88 f   sf_runtime:sf_runtime.dll
 0001:00010e8e       sf_debug_set_chart_event_thresholds 0000000180011e8e f   sf_runtime:sf_runtime.dll
 0001:00010e94       sf_debug_set_chart_state_info 0000000180011e94 f   sf_runtime:sf_runtime.dll
 0001:00010e9a       sf_debug_set_chart_decomposition 0000000180011e9a f   sf_runtime:sf_runtime.dll
 0001:00010ea0       sf_debug_set_chart_substate_count 0000000180011ea0 f   sf_runtime:sf_runtime.dll
 0001:00010ea6       sf_debug_data_range_wrapper 0000000180011ea6 f   sf_runtime:sf_runtime.dll
 0001:00010eac       sf_debug_cv_init_trans     0000000180011eac f   sf_runtime:sf_runtime.dll
 0001:00010eb2       sf_debug_cv_init_chart     0000000180011eb2 f   sf_runtime:sf_runtime.dll
 0001:00010eb8       sf_debug_cv_init_state     0000000180011eb8 f   sf_runtime:sf_runtime.dll
 0001:00010ebe       sf_get_ChartInfoStruct_CodeGen 0000000180011ebe f   sf_runtime:sf_runtime.dll
 0001:00010ec4       sf_get_hasSeparateUpdateOutputs 0000000180011ec4 f   sf_runtime:sf_runtime.dll
 0001:00010eca       callMdlMethodAndReportError 0000000180011eca f   sf_runtime:sf_runtime.dll
 0001:00010ed0       call_sf_machine_global_method_dispatcher 0000000180011ed0 f   sf_runtime:sf_runtime.dll
 0001:00010ed6       getRuntimeInstanceInfoAsVoid 0000000180011ed6 f   sf_runtime:sf_runtime.dll
 0001:00010edc       sf_mex_error_direct_call   0000000180011edc f   sf_runtime:sf_runtime.dll
 0001:00010ee2       sf_clear_error_manager_info 0000000180011ee2 f   sf_runtime:sf_runtime.dll
 0001:00010ee8       sf_debug_create_debug_instance_struct 0000000180011ee8 f   sf_runtime:sf_runtime.dll
 0001:00010eee       sf_debug_terminate         0000000180011eee f   sf_runtime:sf_runtime.dll
 0001:00010ef4       sf_debug_api               0000000180011ef4 f   sf_runtime:sf_runtime.dll
 0001:00010efa       mxIsChar_800               0000000180011efa f   libmx:libmx.dll
 0001:00010f00       mxGetScalar_800            0000000180011f00 f   libmx:libmx.dll
 0001:00010f06       mxGetPr_800                0000000180011f06 f   libmx:libmx.dll
 0001:00010f0c       mxDestroyArray_800         0000000180011f0c f   libmx:libmx.dll
 0001:00010f12       mxCreateDoubleMatrix_800   0000000180011f12 f   libmx:libmx.dll
 0001:00010f18       mxGetString_800            0000000180011f18 f   libmx:libmx.dll
 0001:00010f1e       mxDuplicateArray_800       0000000180011f1e f   libmx:libmx.dll
 0001:00010f24       mxIsEmpty_800              0000000180011f24 f   libmx:libmx.dll
 0001:00010f2a       mxSetField_800             0000000180011f2a f   libmx:libmx.dll
 0001:00010f30       mxCreateDoubleScalar_800   0000000180011f30 f   libmx:libmx.dll
 0001:00010f36       mxCreateString_800         0000000180011f36 f   libmx:libmx.dll
 0001:00010f3c       mxCreateCellMatrix_800     0000000180011f3c f   libmx:libmx.dll
 0001:00010f42       mxCreateCellArray_800      0000000180011f42 f   libmx:libmx.dll
 0001:00010f48       mxCreateStructMatrix_800   0000000180011f48 f   libmx:libmx.dll
 0001:00010f4e       mxCreateStructArray_800    0000000180011f4e f   libmx:libmx.dll
 0001:00010f54       mxCalloc_800               0000000180011f54 f   libmx:libmx.dll
 0001:00010f5a       mxGetM_800                 0000000180011f5a f   libmx:libmx.dll
 0001:00010f60       mxGetClassID_800           0000000180011f60 f   libmx:libmx.dll
 0001:00010f66       mxIsNumeric_800            0000000180011f66 f   libmx:libmx.dll
 0001:00010f6c       mxIsComplex_800            0000000180011f6c f   libmx:libmx.dll
 0001:00010f72       mxGetN_800                 0000000180011f72 f   libmx:libmx.dll
 0001:00010f78       mexMakeArrayPersistent_800 0000000180011f78 f   libmex:libmex.dll
 0001:00010f7e       mexErrMsgTxt_800           0000000180011f7e f   libmex:libmex.dll
 0001:00010f84       mexWarnMsgTxt_800          0000000180011f84 f   libmex:libmex.dll
 0001:00010f8a       mexCallMATLAB_800          0000000180011f8a f   libmex:libmex.dll
 0001:00010f90       mexLock_800                0000000180011f90 f   libmex:libmex.dll
 0001:00010f96       mexUnlock_800              0000000180011f96 f   libmex:libmex.dll
 0001:00010f9c       mexIsLocked_800            0000000180011f9c f   libmex:libmex.dll
 0001:00010fa2       utMalloc                   0000000180011fa2 f   libut:libut.dll
 0001:00010fa8       utFree                     0000000180011fa8 f   libut:libut.dll
 0001:00010fb0       __raise_securityfailure    0000000180011fb0 f   MSVCRT:gs_report.obj
 0001:00010fe4       __report_gsfailure         0000000180011fe4 f   MSVCRT:gs_report.obj
 0001:000110b8       __report_rangecheckfailure 00000001800120b8 f   MSVCRT:gs_report.obj
 0001:000110cc       __report_securityfailure   00000001800120cc f   MSVCRT:gs_report.obj
 0001:00011168       __report_securityfailureEx 0000000180012168 f   MSVCRT:gs_report.obj
 0001:0001135c       __GSHandlerCheck           000000018001235c f   MSVCRT:_gshandler_.obj
 0001:0001137c       __GSHandlerCheckCommon     000000018001237c f   MSVCRT:_gshandler_.obj
 0001:000113f0       __security_check_cookie    00000001800123f0 f   MSVCRT:_amdsecgs_.obj
 0001:00011430       __chkstk                   0000000180012430 f   MSVCRT:_chkstk_.obj
 0001:00011430       _alloca_probe              0000000180012430 f   MSVCRT:_chkstk_.obj
 0001:000117d0       _CRT_INIT                  00000001800127d0 f   MSVCRT:dll_dllmain.obj
 0001:000117d8       _DllMainCRTStartup         00000001800127d8 f   MSVCRT:dll_dllmain.obj
 0001:00011818       ??$__crt_fast_decode_pointer@PEAP6AXXZ@@YAPEAP6AXXZQEAP6AXXZ@Z 0000000180012818 f i MSVCRT:utility.obj
 0001:00011830       ??$__crt_fast_encode_pointer@PEAP6AXXZ@@YAPEAP6AXXZQEAP6AXXZ@Z 0000000180012830 f i MSVCRT:utility.obj
 0001:00011850       ?__crt_rotate_pointer_value@@YA_K_KH@Z 0000000180012850 f i MSVCRT:utility.obj
 0001:0001185c       ?configure_argv@__scrt_narrow_argv_policy@@SAHXZ 000000018001285c f i MSVCRT:utility.obj
 0001:000118ec       NtCurrentTeb               00000001800128ec f i MSVCRT:utility.obj
 0001:000118f8       __scrt_acquire_startup_lock 00000001800128f8 f   MSVCRT:utility.obj
 0001:00011934       __scrt_dllmain_after_initialize_c 0000000180012934 f   MSVCRT:utility.obj
 0001:00011968       __scrt_dllmain_before_initialize_c 0000000180012968 f   MSVCRT:utility.obj
 0001:00011980       __scrt_dllmain_crt_thread_attach 0000000180012980 f   MSVCRT:utility.obj
 0001:000119a8       __scrt_dllmain_crt_thread_detach 00000001800129a8 f   MSVCRT:utility.obj
 0001:000119c0       __scrt_dllmain_exception_filter 00000001800129c0 f   MSVCRT:utility.obj
 0001:00011a24       __scrt_dllmain_uninitialize_c 0000000180012a24 f   MSVCRT:utility.obj
 0001:00011a54       __scrt_dllmain_uninitialize_critical 0000000180012a54 f   MSVCRT:utility.obj
 0001:00011a68       __scrt_initialize_crt      0000000180012a68 f   MSVCRT:utility.obj
 0001:00011ab4       __scrt_initialize_onexit_tables 0000000180012ab4 f   MSVCRT:utility.obj
 0001:00011b80       __scrt_is_nonwritable_in_current_image 0000000180012b80 f   MSVCRT:utility.obj
 0001:00011c1c       __scrt_release_startup_lock 0000000180012c1c f   MSVCRT:utility.obj
 0001:00011c40       __scrt_uninitialize_crt    0000000180012c40 f   MSVCRT:utility.obj
 0001:00011c6c       _onexit                    0000000180012c6c f   MSVCRT:utility.obj
 0001:00011cbc       at_quick_exit              0000000180012cbc f   MSVCRT:utility.obj
 0001:00011cf4       atexit                     0000000180012cf4 f   MSVCRT:utility.obj
 0001:00011d0c       __security_init_cookie     0000000180012d0c f   MSVCRT:gs_support.obj
 0001:00011db8       DllMain                    0000000180012db8 f   MSVCRT:dll_dllmain_stub.obj
 0001:00011ddc       ?__scrt_initialize_type_info@@YAXXZ 0000000180012ddc f   MSVCRT:tncleanup.obj
 0001:00011dec       ?__scrt_uninitialize_type_info@@YAXXZ 0000000180012dec f   MSVCRT:tncleanup.obj
 0001:00011df8       __local_stdio_scanf_options 0000000180012df8 f i MSVCRT:default_local_stdio_options.obj
 0001:00011e00       __scrt_initialize_default_local_stdio_options 0000000180012e00 f   MSVCRT:default_local_stdio_options.obj
 0001:00011e1c       __scrt_get_dyn_tls_init_callback 0000000180012e1c f   MSVCRT:dyn_tls_init.obj
 0001:00011e24       __crt_debugger_hook        0000000180012e24 f   MSVCRT:utility_desktop.obj
 0001:00011e2c       __scrt_fastfail            0000000180012e2c f   MSVCRT:utility_desktop.obj
 0001:00011f74       __scrt_get_show_window_mode 0000000180012f74 f   MSVCRT:utility_desktop.obj
 0001:00011fb0       __scrt_initialize_winrt    0000000180012fb0 f   MSVCRT:utility_desktop.obj
 0001:00011fb4       __scrt_is_managed_app      0000000180012fb4 f   MSVCRT:utility_desktop.obj
 0001:00012008       __scrt_set_unhandled_exception_filter 0000000180013008 f   MSVCRT:utility_desktop.obj
 0001:00012018       __scrt_unhandled_exception_filter 0000000180013018 f   MSVCRT:utility_desktop.obj
 0001:00012050       _RTC_Initialize            0000000180013050 f   MSVCRT:_initsect_.obj
 0001:0001209c       _RTC_Terminate             000000018001309c f   MSVCRT:_initsect_.obj
 0001:000120e8       _guard_check_icall         00000001800130e8 f i MSVCRT:checkcfg.obj
 0001:000120f0       __isa_available_init       00000001800130f0 f   MSVCRT:_cpu_disp_.obj
 0001:000122b8       _get_startup_argv_mode     00000001800132b8 f   MSVCRT:argv_mode.obj
 0001:000122c0       __scrt_is_ucrt_dll_in_use  00000001800132c0 f   MSVCRT:ucrt_detection.obj
 0001:000122cc       _guard_check_icall_nop     00000001800132cc f i MSVCRT:guard_support.obj
 0001:000122d0       _guard_icall_checks_enforced 00000001800132d0 f i MSVCRT:guard_support.obj
 0001:000122f0       RtlCaptureContext          00000001800132f0 f   kernel32:KERNEL32.dll
 0001:000122f6       RtlLookupFunctionEntry     00000001800132f6 f   kernel32:KERNEL32.dll
 0001:000122fc       RtlVirtualUnwind           00000001800132fc f   kernel32:KERNEL32.dll
 0001:00012302       UnhandledExceptionFilter   0000000180013302 f   kernel32:KERNEL32.dll
 0001:00012308       SetUnhandledExceptionFilter 0000000180013308 f   kernel32:KERNEL32.dll
 0001:0001230e       GetCurrentProcess          000000018001330e f   kernel32:KERNEL32.dll
 0001:00012314       TerminateProcess           0000000180013314 f   kernel32:KERNEL32.dll
 0001:0001231a       IsProcessorFeaturePresent  000000018001331a f   kernel32:KERNEL32.dll
 0001:00012320       QueryPerformanceCounter    0000000180013320 f   kernel32:KERNEL32.dll
 0001:00012326       GetCurrentProcessId        0000000180013326 f   kernel32:KERNEL32.dll
 0001:0001232c       GetCurrentThreadId         000000018001332c f   kernel32:KERNEL32.dll
 0001:00012332       GetSystemTimeAsFileTime    0000000180013332 f   kernel32:KERNEL32.dll
 0001:00012338       DisableThreadLibraryCalls  0000000180013338 f   kernel32:KERNEL32.dll
 0001:0001233e       InitializeSListHead        000000018001333e f   kernel32:KERNEL32.dll
 0001:00012344       IsDebuggerPresent          0000000180013344 f   kernel32:KERNEL32.dll
 0001:0001234a       GetStartupInfoW            000000018001334a f   kernel32:KERNEL32.dll
 0001:00012350       GetModuleHandleW           0000000180013350 f   kernel32:KERNEL32.dll
 0001:00012356       memset                     0000000180013356 f   vcruntime:VCRUNTIME140.dll
 0001:0001235c       memcpy                     000000018001335c f   vcruntime:VCRUNTIME140.dll
 0001:00012362       __C_specific_handler       0000000180013362 f   vcruntime:VCRUNTIME140.dll
 0001:00012368       __std_type_info_destroy_list 0000000180013368 f   vcruntime:VCRUNTIME140.dll
 0001:0001236e       strcmp                     000000018001336e f   ucrt:api-ms-win-crt-string-l1-1-0.dll
 0001:00012374       __stdio_common_vsprintf    0000000180013374 f   ucrt:api-ms-win-crt-stdio-l1-1-0.dll
 0001:0001237a       free                       000000018001337a f   ucrt:api-ms-win-crt-heap-l1-1-0.dll
 0001:00012380       malloc                     0000000180013380 f   ucrt:api-ms-win-crt-heap-l1-1-0.dll
 0001:00012386       strlen                     0000000180013386 f   ucrt:api-ms-win-crt-string-l1-1-0.dll
 0001:0001238c       _initterm                  000000018001338c f   ucrt:api-ms-win-crt-runtime-l1-1-0.dll
 0001:00012392       _initterm_e                0000000180013392 f   ucrt:api-ms-win-crt-runtime-l1-1-0.dll
 0001:00012398       _seh_filter_dll            0000000180013398 f   ucrt:api-ms-win-crt-runtime-l1-1-0.dll
 0001:0001239e       _configure_narrow_argv     000000018001339e f   ucrt:api-ms-win-crt-runtime-l1-1-0.dll
 0001:000123a4       _initialize_narrow_environment 00000001800133a4 f   ucrt:api-ms-win-crt-runtime-l1-1-0.dll
 0001:000123aa       _initialize_onexit_table   00000001800133aa f   ucrt:api-ms-win-crt-runtime-l1-1-0.dll
 0001:000123b0       _register_onexit_function  00000001800133b0 f   ucrt:api-ms-win-crt-runtime-l1-1-0.dll
 0001:000123b6       _execute_onexit_table      00000001800133b6 f   ucrt:api-ms-win-crt-runtime-l1-1-0.dll
 0001:000123bc       _crt_atexit                00000001800133bc f   ucrt:api-ms-win-crt-runtime-l1-1-0.dll
 0001:000123c2       _crt_at_quick_exit         00000001800133c2 f   ucrt:api-ms-win-crt-runtime-l1-1-0.dll
 0001:000123c8       _cexit                     00000001800133c8 f   ucrt:api-ms-win-crt-runtime-l1-1-0.dll
 0001:000123ce       terminate                  00000001800133ce f   ucrt:api-ms-win-crt-runtime-l1-1-0.dll
 0001:000123d4       __vcrt_initialize          00000001800133d4 f   MSVCRT:ucrt_stubs.obj
 0001:000123d4       __scrt_stub_for_acrt_initialize 00000001800133d4 f   MSVCRT:ucrt_stubs.obj
 0001:000123d4       __acrt_initialize          00000001800133d4 f   MSVCRT:ucrt_stubs.obj
 0001:000123d8       __scrt_stub_for_acrt_thread_attach 00000001800133d8 f   MSVCRT:ucrt_stubs.obj
 0001:000123d8       __acrt_thread_attach       00000001800133d8 f   MSVCRT:ucrt_stubs.obj
 0001:000123d8       __vcrt_thread_attach       00000001800133d8 f   MSVCRT:ucrt_stubs.obj
 0001:000123dc       __acrt_thread_detach       00000001800133dc f   MSVCRT:ucrt_stubs.obj
 0001:000123dc       __scrt_stub_for_acrt_thread_detach 00000001800133dc f   MSVCRT:ucrt_stubs.obj
 0001:000123dc       __vcrt_thread_detach       00000001800133dc f   MSVCRT:ucrt_stubs.obj
 0001:000123e0       __scrt_stub_for_acrt_uninitialize 00000001800133e0 f   MSVCRT:ucrt_stubs.obj
 0001:000123e0       __vcrt_uninitialize        00000001800133e0 f   MSVCRT:ucrt_stubs.obj
 0001:000123e0       __acrt_uninitialize        00000001800133e0 f   MSVCRT:ucrt_stubs.obj
 0001:000123e4       __scrt_stub_for_acrt_uninitialize_critical 00000001800133e4 f   MSVCRT:ucrt_stubs.obj
 0001:000123e4       __acrt_uninitialize_critical 00000001800133e4 f   MSVCRT:ucrt_stubs.obj
 0001:000123e4       __vcrt_uninitialize_critical 00000001800133e4 f   MSVCRT:ucrt_stubs.obj
 0001:000123e8       _is_c_termination_complete 00000001800133e8 f   MSVCRT:ucrt_stubs.obj
 0001:000123e8       __scrt_stub_for_is_c_termination_complete 00000001800133e8 f   MSVCRT:ucrt_stubs.obj
 0001:00012400       _guard_dispatch_icall_nop  0000000180013400 f   MSVCRT:_guard_dispatch_.obj
 0002:00000000       __imp_TerminateProcess     0000000180014000     kernel32:KERNEL32.dll
 0002:00000008       __imp_RtlCaptureContext    0000000180014008     kernel32:KERNEL32.dll
 0002:00000010       __imp_RtlLookupFunctionEntry 0000000180014010     kernel32:KERNEL32.dll
 0002:00000018       __imp_RtlVirtualUnwind     0000000180014018     kernel32:KERNEL32.dll
 0002:00000020       __imp_GetCurrentProcessId  0000000180014020     kernel32:KERNEL32.dll
 0002:00000028       __imp_UnhandledExceptionFilter 0000000180014028     kernel32:KERNEL32.dll
 0002:00000030       __imp_SetUnhandledExceptionFilter 0000000180014030     kernel32:KERNEL32.dll
 0002:00000038       __imp_GetCurrentThreadId   0000000180014038     kernel32:KERNEL32.dll
 0002:00000040       __imp_GetSystemTimeAsFileTime 0000000180014040     kernel32:KERNEL32.dll
 0002:00000048       __imp_DisableThreadLibraryCalls 0000000180014048     kernel32:KERNEL32.dll
 0002:00000050       __imp_InitializeSListHead  0000000180014050     kernel32:KERNEL32.dll
 0002:00000058       __imp_IsDebuggerPresent    0000000180014058     kernel32:KERNEL32.dll
 0002:00000060       __imp_GetStartupInfoW      0000000180014060     kernel32:KERNEL32.dll
 0002:00000068       __imp_GetModuleHandleW     0000000180014068     kernel32:KERNEL32.dll
 0002:00000070       __imp_IsProcessorFeaturePresent 0000000180014070     kernel32:KERNEL32.dll
 0002:00000078       __imp_GetCurrentProcess    0000000180014078     kernel32:KERNEL32.dll
 0002:00000080       __imp_QueryPerformanceCounter 0000000180014080     kernel32:KERNEL32.dll
 0002:00000088       \177KERNEL32_NULL_THUNK_DATA 0000000180014088     kernel32:KERNEL32.dll
 0002:00000090       __imp_memset               0000000180014090     vcruntime:VCRUNTIME140.dll
 0002:00000098       __imp_memcpy               0000000180014098     vcruntime:VCRUNTIME140.dll
 0002:000000a0       __imp___C_specific_handler 00000001800140a0     vcruntime:VCRUNTIME140.dll
 0002:000000a8       __imp___std_type_info_destroy_list 00000001800140a8     vcruntime:VCRUNTIME140.dll
 0002:000000b0       \177VCRUNTIME140_NULL_THUNK_DATA 00000001800140b0     vcruntime:VCRUNTIME140.dll
 0002:000000b8       __imp_malloc               00000001800140b8     ucrt:api-ms-win-crt-heap-l1-1-0.dll
 0002:000000c0       __imp_free                 00000001800140c0     ucrt:api-ms-win-crt-heap-l1-1-0.dll
 0002:000000c8       \177api-ms-win-crt-heap-l1-1-0_NULL_THUNK_DATA 00000001800140c8     ucrt:api-ms-win-crt-heap-l1-1-0.dll
 0002:000000d0       __imp__seh_filter_dll      00000001800140d0     ucrt:api-ms-win-crt-runtime-l1-1-0.dll
 0002:000000d8       __imp__initterm            00000001800140d8     ucrt:api-ms-win-crt-runtime-l1-1-0.dll
 0002:000000e0       __imp__initialize_narrow_environment 00000001800140e0     ucrt:api-ms-win-crt-runtime-l1-1-0.dll
 0002:000000e8       __imp__initialize_onexit_table 00000001800140e8     ucrt:api-ms-win-crt-runtime-l1-1-0.dll
 0002:000000f0       __imp__register_onexit_function 00000001800140f0     ucrt:api-ms-win-crt-runtime-l1-1-0.dll
 0002:000000f8       __imp__execute_onexit_table 00000001800140f8     ucrt:api-ms-win-crt-runtime-l1-1-0.dll
 0002:00000100       __imp__crt_atexit          0000000180014100     ucrt:api-ms-win-crt-runtime-l1-1-0.dll
 0002:00000108       __imp__crt_at_quick_exit   0000000180014108     ucrt:api-ms-win-crt-runtime-l1-1-0.dll
 0002:00000110       __imp__cexit               0000000180014110     ucrt:api-ms-win-crt-runtime-l1-1-0.dll
 0002:00000118       __imp_terminate            0000000180014118     ucrt:api-ms-win-crt-runtime-l1-1-0.dll
 0002:00000120       __imp__configure_narrow_argv 0000000180014120     ucrt:api-ms-win-crt-runtime-l1-1-0.dll
 0002:00000128       __imp__initterm_e          0000000180014128     ucrt:api-ms-win-crt-runtime-l1-1-0.dll
 0002:00000130       \177api-ms-win-crt-runtime-l1-1-0_NULL_THUNK_DATA 0000000180014130     ucrt:api-ms-win-crt-runtime-l1-1-0.dll
 0002:00000138       __imp___stdio_common_vsprintf 0000000180014138     ucrt:api-ms-win-crt-stdio-l1-1-0.dll
 0002:00000140       \177api-ms-win-crt-stdio-l1-1-0_NULL_THUNK_DATA 0000000180014140     ucrt:api-ms-win-crt-stdio-l1-1-0.dll
 0002:00000148       __imp_strlen               0000000180014148     ucrt:api-ms-win-crt-string-l1-1-0.dll
 0002:00000150       __imp_strcmp               0000000180014150     ucrt:api-ms-win-crt-string-l1-1-0.dll
 0002:00000158       \177api-ms-win-crt-string-l1-1-0_NULL_THUNK_DATA 0000000180014158     ucrt:api-ms-win-crt-string-l1-1-0.dll
 0002:00000160       __imp_mexErrMsgTxt_800     0000000180014160     libmex:libmex.dll
 0002:00000168       __imp_mexWarnMsgTxt_800    0000000180014168     libmex:libmex.dll
 0002:00000170       __imp_mexCallMATLAB_800    0000000180014170     libmex:libmex.dll
 0002:00000178       __imp_mexLock_800          0000000180014178     libmex:libmex.dll
 0002:00000180       __imp_mexMakeArrayPersistent_800 0000000180014180     libmex:libmex.dll
 0002:00000188       __imp_mexUnlock_800        0000000180014188     libmex:libmex.dll
 0002:00000190       __imp_mexIsLocked_800      0000000180014190     libmex:libmex.dll
 0002:00000198       \177libmex_NULL_THUNK_DATA 0000000180014198     libmex:libmex.dll
 0002:000001a0       __imp_mxCreateDoubleMatrix_800 00000001800141a0     libmx:libmx.dll
 0002:000001a8       __imp_mxDestroyArray_800   00000001800141a8     libmx:libmx.dll
 0002:000001b0       __imp_mxIsChar_800         00000001800141b0     libmx:libmx.dll
 0002:000001b8       __imp_mxGetScalar_800      00000001800141b8     libmx:libmx.dll
 0002:000001c0       __imp_mxGetString_800      00000001800141c0     libmx:libmx.dll
 0002:000001c8       __imp_mxDuplicateArray_800 00000001800141c8     libmx:libmx.dll
 0002:000001d0       __imp_mxGetN_800           00000001800141d0     libmx:libmx.dll
 0002:000001d8       __imp_mxIsComplex_800      00000001800141d8     libmx:libmx.dll
 0002:000001e0       __imp_mxIsNumeric_800      00000001800141e0     libmx:libmx.dll
 0002:000001e8       __imp_mxGetClassID_800     00000001800141e8     libmx:libmx.dll
 0002:000001f0       __imp_mxGetM_800           00000001800141f0     libmx:libmx.dll
 0002:000001f8       __imp_mxCalloc_800         00000001800141f8     libmx:libmx.dll
 0002:00000200       __imp_mxCreateStructArray_800 0000000180014200     libmx:libmx.dll
 0002:00000208       __imp_mxCreateStructMatrix_800 0000000180014208     libmx:libmx.dll
 0002:00000210       __imp_mxCreateCellArray_800 0000000180014210     libmx:libmx.dll
 0002:00000218       __imp_mxCreateCellMatrix_800 0000000180014218     libmx:libmx.dll
 0002:00000220       __imp_mxCreateString_800   0000000180014220     libmx:libmx.dll
 0002:00000228       __imp_mxCreateDoubleScalar_800 0000000180014228     libmx:libmx.dll
 0002:00000230       __imp_mxSetField_800       0000000180014230     libmx:libmx.dll
 0002:00000238       __imp_mxIsEmpty_800        0000000180014238     libmx:libmx.dll
 0002:00000240       __imp_mxGetPr_800          0000000180014240     libmx:libmx.dll
 0002:00000248       \177libmx_NULL_THUNK_DATA  0000000180014248     libmx:libmx.dll
 0002:00000250       __imp_utFree               0000000180014250     libut:libut.dll
 0002:00000258       __imp_utMalloc             0000000180014258     libut:libut.dll
 0002:00000260       \177libut_NULL_THUNK_DATA  0000000180014260     libut:libut.dll
 0002:00000268       __imp_QProblem_init        0000000180014268     qpOasesLib:qpOasesLib.dll
 0002:00000270       __imp_qpOASES_Options_init 0000000180014270     qpOasesLib:qpOasesLib.dll
 0002:00000278       __imp_QProblem_setup       0000000180014278     qpOasesLib:qpOasesLib.dll
 0002:00000280       \177qpOasesLib_NULL_THUNK_DATA 0000000180014280     qpOasesLib:qpOasesLib.dll
 0002:00000288       __imp_sf_debug_api         0000000180014288     sf_runtime:sf_runtime.dll
 0002:00000290       __imp_sf_debug_terminate   0000000180014290     sf_runtime:sf_runtime.dll
 0002:00000298       __imp_sf_debug_create_debug_instance_struct 0000000180014298     sf_runtime:sf_runtime.dll
 0002:000002a0       __imp_sf_clear_error_manager_info 00000001800142a0     sf_runtime:sf_runtime.dll
 0002:000002a8       __imp_sf_mex_error_direct_call 00000001800142a8     sf_runtime:sf_runtime.dll
 0002:000002b0       __imp_getRuntimeInstanceInfoAsVoid 00000001800142b0     sf_runtime:sf_runtime.dll
 0002:000002b8       __imp_call_sf_machine_global_method_dispatcher 00000001800142b8     sf_runtime:sf_runtime.dll
 0002:000002c0       __imp_callMdlMethodAndReportError 00000001800142c0     sf_runtime:sf_runtime.dll
 0002:000002c8       __imp_sf_get_hasSeparateUpdateOutputs 00000001800142c8     sf_runtime:sf_runtime.dll
 0002:000002d0       __imp_sf_get_ChartInfoStruct_CodeGen 00000001800142d0     sf_runtime:sf_runtime.dll
 0002:000002d8       __imp_sf_debug_cv_init_state 00000001800142d8     sf_runtime:sf_runtime.dll
 0002:000002e0       __imp_sf_debug_cv_init_chart 00000001800142e0     sf_runtime:sf_runtime.dll
 0002:000002e8       __imp_sf_debug_cv_init_trans 00000001800142e8     sf_runtime:sf_runtime.dll
 0002:000002f0       __imp_sf_debug_data_range_wrapper 00000001800142f0     sf_runtime:sf_runtime.dll
 0002:000002f8       __imp_sf_debug_set_chart_substate_count 00000001800142f8     sf_runtime:sf_runtime.dll
 0002:00000300       __imp_sf_debug_set_chart_decomposition 0000000180014300     sf_runtime:sf_runtime.dll
 0002:00000308       __imp_sf_debug_set_chart_state_info 0000000180014308     sf_runtime:sf_runtime.dll
 0002:00000310       __imp_sf_debug_set_chart_event_thresholds 0000000180014310     sf_runtime:sf_runtime.dll
 0002:00000318       __imp_sf_debug_set_chart_disable_implicit_casting 0000000180014318     sf_runtime:sf_runtime.dll
 0002:00000320       __imp_sf_debug_set_instance_data_value_ptr 0000000180014320     sf_runtime:sf_runtime.dll
 0002:00000328       __imp_sf_debug_symbol_scope_add_eml_importable 0000000180014328     sf_runtime:sf_runtime.dll
 0002:00000330       __imp_sf_debug_symbol_scope_add_eml 0000000180014330     sf_runtime:sf_runtime.dll
 0002:00000338       __imp_sf_debug_symbol_scope_pop 0000000180014338     sf_runtime:sf_runtime.dll
 0002:00000340       __imp_sf_debug_symbol_scope_push_eml 0000000180014340     sf_runtime:sf_runtime.dll
 0002:00000348       __imp_sf_debug_symbol_scope_push 0000000180014348     sf_runtime:sf_runtime.dll
 0002:00000350       __imp_sf_debug_set_chart_data_compiled_props 0000000180014350     sf_runtime:sf_runtime.dll
 0002:00000358       __imp_sf_debug_set_chart_data_props 0000000180014358     sf_runtime:sf_runtime.dll
 0002:00000360       __imp_sf_debug_reset_current_state_configuration 0000000180014360     sf_runtime:sf_runtime.dll
 0002:00000368       __imp_cv_eml_init_if       0000000180014368     sf_runtime:sf_runtime.dll
 0002:00000370       __imp_cv_eml_init_fcn      0000000180014370     sf_runtime:sf_runtime.dll
 0002:00000378       __imp_cv_eml_init_script   0000000180014378     sf_runtime:sf_runtime.dll
 0002:00000380       __imp_cv_eml_eval          0000000180014380     sf_runtime:sf_runtime.dll
 0002:00000388       __imp_eml_debug_line_call  0000000180014388     sf_runtime:sf_runtime.dll
 0002:00000390       __imp_sf_debug_call        0000000180014390     sf_runtime:sf_runtime.dll
 0002:00000398       __imp_sf_debug_initialize_chart 0000000180014398     sf_runtime:sf_runtime.dll
 0002:000003a0       __imp_ssGetOutputPortSignal_wrapper 00000001800143a0     sf_runtime:sf_runtime.dll
 0002:000003a8       __imp_ssGetInputPortSignal_wrapper 00000001800143a8     sf_runtime:sf_runtime.dll
 0002:000003b0       __imp_sf_mex_decode_encoded_mx_struct_array 00000001800143b0     sf_runtime:sf_runtime.dll
 0002:000003b8       __imp_sf_mex_import_named  00000001800143b8     sf_runtime:sf_runtime.dll
 0002:000003c0       __imp_sf_mex_import        00000001800143c0     sf_runtime:sf_runtime.dll
 0002:000003c8       __imp_sf_mex_destroy       00000001800143c8     sf_runtime:sf_runtime.dll
 0002:000003d0       __imp_sf_mex_dup           00000001800143d0     sf_runtime:sf_runtime.dll
 0002:000003d8       __imp_sf_mex_assign        00000001800143d8     sf_runtime:sf_runtime.dll
 0002:000003e0       __imp_sf_mex_getcell       00000001800143e0     sf_runtime:sf_runtime.dll
 0002:000003e8       __imp_sf_mex_setcell       00000001800143e8     sf_runtime:sf_runtime.dll
 0002:000003f0       __imp_sf_mex_createcellmatrix 00000001800143f0     sf_runtime:sf_runtime.dll
 0002:000003f8       __imp_sf_mex_create        00000001800143f8     sf_runtime:sf_runtime.dll
 0002:00000400       __imp_sf_mex_error_message 0000000180014400     sf_runtime:sf_runtime.dll
 0002:00000408       __imp_ssSetBlockIsPurelyCombinatorial_wrapper 0000000180014408     sf_runtime:sf_runtime.dll
 0002:00000410       __imp_sf_error_out_about_continuous_sample_time_with_persistent_vars 0000000180014410     sf_runtime:sf_runtime.dll
 0002:00000418       __imp_sf_register_codegen_names_for_scoped_functions_defined_by_chart 0000000180014418     sf_runtime:sf_runtime.dll
 0002:00000420       __imp_sf_set_chart_accesses_machine_info 0000000180014420     sf_runtime:sf_runtime.dll
 0002:00000428       __imp_sf_is_first_init_cond 0000000180014428     sf_runtime:sf_runtime.dll
 0002:00000430       __imp_sf_get_time          0000000180014430     sf_runtime:sf_runtime.dll
 0002:00000438       __imp_sf_set_rtw_dwork_info 0000000180014438     sf_runtime:sf_runtime.dll
 0002:00000440       __imp_sf_clear_rtw_identifier 0000000180014440     sf_runtime:sf_runtime.dll
 0002:00000448       __imp_sf_mex_get_sfun_param 0000000180014448     sf_runtime:sf_runtime.dll
 0002:00000450       __imp_sim_mode_is_modelref_sim 0000000180014450     sf_runtime:sf_runtime.dll
 0002:00000458       __imp_sim_mode_is_external 0000000180014458     sf_runtime:sf_runtime.dll
 0002:00000460       __imp_sim_mode_is_rtw_gen  0000000180014460     sf_runtime:sf_runtime.dll
 0002:00000468       __imp_sf_mark_chart_expressionable_inputs 0000000180014468     sf_runtime:sf_runtime.dll
 0002:00000470       __imp_sf_mark_chart_reusable_outputs 0000000180014470     sf_runtime:sf_runtime.dll
 0002:00000478       __imp_sf_is_chart_inlinable 0000000180014478     sf_runtime:sf_runtime.dll
 0002:00000480       __imp_sf_update_buildInfo  0000000180014480     sf_runtime:sf_runtime.dll
 0002:00000488       __imp_sf_rtw_info_uint_prop 0000000180014488     sf_runtime:sf_runtime.dll
 0002:00000490       __imp_sf_get_chart_instance_ptr 0000000180014490     sf_runtime:sf_runtime.dll
 0002:00000498       __imp_sfrtGetEmlrtCtx      0000000180014498     sf_runtime:sf_runtime.dll
 0002:000004a0       __imp_sf_free_ChartRunTimeInfo 00000001800144a0     sf_runtime:sf_runtime.dll
 0002:000004a8       __imp_sf_init_ChartRunTimeInfo 00000001800144a8     sf_runtime:sf_runtime.dll
 0002:000004b0       __imp_sf_debug_set_machine_data_thresholds 00000001800144b0     sf_runtime:sf_runtime.dll
 0002:000004b8       __imp_sf_debug_set_machine_event_thresholds 00000001800144b8     sf_runtime:sf_runtime.dll
 0002:000004c0       __imp_sf_debug_initialize_machine 00000001800144c0     sf_runtime:sf_runtime.dll
 0002:000004c8       __imp_sf_load_rtw_optimization_info 00000001800144c8     sf_runtime:sf_runtime.dll
 0002:000004d0       \177sf_runtime_NULL_THUNK_DATA 00000001800144d0     sf_runtime:sf_runtime.dll
 0002:000004d8       __guard_check_icall_fptr   00000001800144d8     MSVCRT:guard_support.obj
 0002:000004e0       __guard_dispatch_icall_fptr 00000001800144e0     MSVCRT:guard_support.obj
 0002:000004e8       __xc_a                     00000001800144e8     MSVCRT:initializers.obj
 0002:000004f0       __xc_z                     00000001800144f0     MSVCRT:initializers.obj
 0002:000004f8       __xi_a                     00000001800144f8     MSVCRT:initializers.obj
 0002:00000500       __xi_z                     0000000180014500     MSVCRT:initializers.obj
 0002:00000508       __xp_a                     0000000180014508     MSVCRT:initializers.obj
 0002:00000510       __xp_z                     0000000180014510     MSVCRT:initializers.obj
 0002:00000518       __xt_a                     0000000180014518     MSVCRT:initializers.obj
 0002:00000520       __xt_z                     0000000180014520     MSVCRT:initializers.obj
 0002:00000530       __real@416d31c9a0000000    0000000180014530     MPC_sfun.obj
 0002:00000538       __real@4186f4e748000000    0000000180014538     MPC_sfun.obj
 0002:00000540       __real@41c6771287800000    0000000180014540     MPC_sfun.obj
 0002:00000548       __real@41c72d7c1b000000    0000000180014548     MPC_sfun.obj
 0002:00000550       __real@41c8fe7a3a800000    0000000180014550     MPC_sfun.obj
 0002:00000558       __real@41cd24354a000000    0000000180014558     MPC_sfun.obj
 0002:00000560       __real@41d1a3fe66800000    0000000180014560     MPC_sfun.obj
 0002:00000568       __real@41d7c98639c00000    0000000180014568     MPC_sfun.obj
 0002:00000570       __real@41dc401feb000000    0000000180014570     MPC_sfun.obj
 0002:00000578       __real@41ecd3b213400000    0000000180014578     MPC_sfun.obj
 0002:00000580       __real@41ed8e61a2a00000    0000000180014580     MPC_sfun.obj
 0002:00000588       __real@41eecfbe18a00000    0000000180014588     MPC_sfun.obj
 0002:00000590       __real@0000000000000000    0000000180014590     c5_MPC.obj
 0002:00000598       __real@3ff0000000000000    0000000180014598     c5_MPC.obj
 0002:000005a0       __real@4008000000000000    00000001800145a0     c5_MPC.obj
 0002:000005a8       __real@4018000000000000    00000001800145a8     c5_MPC.obj
 0002:000005b0       __real@4020000000000000    00000001800145b0     c5_MPC.obj
 0002:000005b8       __real@4024000000000000    00000001800145b8     c5_MPC.obj
 0002:000005c0       __real@4034000000000000    00000001800145c0     c5_MPC.obj
 0002:000005c8       __real@4035000000000000    00000001800145c8     c5_MPC.obj
 0002:000005d0       __real@4069200000000000    00000001800145d0     c5_MPC.obj
 0002:000005d8       __real@41affadfd0000000    00000001800145d8     c5_MPC.obj
 0002:000005e0       __real@41d4e9536b000000    00000001800145e0     c5_MPC.obj
 0002:000005e8       __real@41daba3441000000    00000001800145e8     c5_MPC.obj
 0002:000005f0       __real@41db059755800000    00000001800145f0     c5_MPC.obj
 0002:000005f8       DYNAMIC_DIMENSION_DEF      00000001800145f8     MPC_sfun_registry.obj
 0002:00000610       __real@4010000000000000    0000000180014610     MPC_sfun_registry.obj
 0002:00000618       __real@41602cbca0000000    0000000180014618     MPC_sfun_registry.obj
 0002:00000620       __real@bff0000000000000    0000000180014620     MPC_sfun_registry.obj
 0002:00000638       _pDefaultRawDllMain        0000000180014638     MSVCRT:dll_dllmain.obj
 0002:00000638       _pRawDllMain               0000000180014638     MSVCRT:dll_dllmain.obj
 0002:00000660       _load_config_used          0000000180014660     MSVCRT:loadcfg.obj
 0002:00000920       __rtc_iaa                  0000000180014920     MSVCRT:_initsect_.obj
 0002:00000928       __rtc_izz                  0000000180014928     MSVCRT:_initsect_.obj
 0002:00000930       __rtc_taa                  0000000180014930     MSVCRT:_initsect_.obj
 0002:00000938       __rtc_tzz                  0000000180014938     MSVCRT:_initsect_.obj
 0002:00001374       __IMPORT_DESCRIPTOR_qpOasesLib 0000000180015374     qpOasesLib:qpOasesLib.dll
 0002:00001388       __IMPORT_DESCRIPTOR_sf_runtime 0000000180015388     sf_runtime:sf_runtime.dll
 0002:0000139c       __IMPORT_DESCRIPTOR_libmx  000000018001539c     libmx:libmx.dll
 0002:000013b0       __IMPORT_DESCRIPTOR_libmex 00000001800153b0     libmex:libmex.dll
 0002:000013c4       __IMPORT_DESCRIPTOR_libut  00000001800153c4     libut:libut.dll
 0002:000013d8       __IMPORT_DESCRIPTOR_KERNEL32 00000001800153d8     kernel32:KERNEL32.dll
 0002:000013ec       __IMPORT_DESCRIPTOR_VCRUNTIME140 00000001800153ec     vcruntime:VCRUNTIME140.dll
 0002:00001400       __IMPORT_DESCRIPTOR_api-ms-win-crt-string-l1-1-0 0000000180015400     ucrt:api-ms-win-crt-string-l1-1-0.dll
 0002:00001414       __IMPORT_DESCRIPTOR_api-ms-win-crt-stdio-l1-1-0 0000000180015414     ucrt:api-ms-win-crt-stdio-l1-1-0.dll
 0002:00001428       __IMPORT_DESCRIPTOR_api-ms-win-crt-heap-l1-1-0 0000000180015428     ucrt:api-ms-win-crt-heap-l1-1-0.dll
 0002:0000143c       __IMPORT_DESCRIPTOR_api-ms-win-crt-runtime-l1-1-0 000000018001543c     ucrt:api-ms-win-crt-runtime-l1-1-0.dll
 0002:00001450       __NULL_IMPORT_DESCRIPTOR   0000000180015450     qpOasesLib:qpOasesLib.dll
 0003:00001e78       DYNAMIC_DIMENSION          0000000180018e78     MPC_sfun_registry.obj
 0003:00003230       __security_cookie          000000018001a230     MSVCRT:gs_cookie.obj
 0003:00003238       __security_cookie_complement 000000018001a238     MSVCRT:gs_cookie.obj
 0003:00003240       _fltused                   000000018001a240     MSVCRT:dllsupp.obj
 0003:00003250       __scrt_native_dllmain_reason 000000018001a250     MSVCRT:utility.obj
 0003:00003258       __isa_available            000000018001a258     MSVCRT:_cpu_disp_.obj
 0003:0000325c       __isa_enabled              000000018001a25c     MSVCRT:_cpu_disp_.obj
 0003:00003260       __memcpy_nt_iters          000000018001a260     MSVCRT:_cpu_disp_.obj
 0003:00003270       __scrt_ucrt_dll_is_in_use  000000018001a270     MSVCRT:ucrt_stubs.obj
 0003:000032a8       sfGlobalDebugInstanceStruct 000000018001a2a8     MPC_sfun_registry.obj
 0003:00003828       __scrt_current_native_startup_state 000000018001a828     MSVCRT:utility.obj
 0003:00003830       __scrt_native_startup_lock 000000018001a830     MSVCRT:utility.obj
 0003:00003870       ?__type_info_root_node@@3U__type_info_node@@A 000000018001a870     MSVCRT:tncleanup.obj
 0003:00003880       ?_OptionsStorage@?1??__local_stdio_printf_options@@9@4_KA 000000018001a880     MSVCRT:default_local_stdio_options.obj
 0003:00003888       ?_OptionsStorage@?1??__local_stdio_scanf_options@@9@4_KA 000000018001a888     MSVCRT:default_local_stdio_options.obj
 0003:00003890       __scrt_debugger_hook_flag  000000018001a890     MSVCRT:utility_desktop.obj
 0003:00003894       __favor                    000000018001a894     MSVCRT:_cpu_disp_.obj
 0003:00003898       ?_OptionsStorage@?1??__local_stdio_printf_options@@9@9 000000018001a898     <common>
 0003:000038a0       _MPCMachineNumber_         000000018001a8a0     <common>
 0003:000038a8       __dyn_tls_init_callback    000000018001a8a8     <common>

 entry point at        0001:000117d8

 Static symbols

 0000:00000000       .debug$S                   0000000180000000     sf_runtime:sf_runtime.dll
 0000:00000000       .debug$S                   0000000180000000     MPC_sfun.exp
 0000:00000000       .debug$S                   0000000180000000     qpOasesLib:qpOasesLib.dll
 0000:00000000       .debug$S                   0000000180000000     qpOasesLib:qpOasesLib.dll
 0000:00000000       .debug$S                   0000000180000000     qpOasesLib:qpOasesLib.dll
 0000:00000000       .debug$S                   0000000180000000     sf_runtime:sf_runtime.dll
 0000:00000000       .debug$S                   0000000180000000     sf_runtime:sf_runtime.dll
 0000:00000000       .debug$S                   0000000180000000     sf_runtime:sf_runtime.dll
 0000:00000000       .debug$S                   0000000180000000     ucrt:api-ms-win-crt-heap-l1-1-0.dll
 0000:00000000       .debug$S                   0000000180000000     ucrt:api-ms-win-crt-heap-l1-1-0.dll
 0000:00000000       .debug$S                   0000000180000000     ucrt:api-ms-win-crt-runtime-l1-1-0.dll
 0000:00000000       .debug$S                   0000000180000000     ucrt:api-ms-win-crt-runtime-l1-1-0.dll
 0000:00000000       .debug$S                   0000000180000000     ucrt:api-ms-win-crt-runtime-l1-1-0.dll
 0000:00000000       .debug$S                   0000000180000000     ucrt:api-ms-win-crt-runtime-l1-1-0.dll
 0000:00000000       .debug$S                   0000000180000000     ucrt:api-ms-win-crt-runtime-l1-1-0.dll
 0000:00000000       .debug$S                   0000000180000000     ucrt:api-ms-win-crt-runtime-l1-1-0.dll
 0000:00000000       .debug$S                   0000000180000000     ucrt:api-ms-win-crt-runtime-l1-1-0.dll
 0000:00000000       .debug$S                   0000000180000000     ucrt:api-ms-win-crt-runtime-l1-1-0.dll
 0000:00000000       .debug$S                   0000000180000000     ucrt:api-ms-win-crt-runtime-l1-1-0.dll
 0000:00000000       .debug$S                   0000000180000000     ucrt:api-ms-win-crt-runtime-l1-1-0.dll
 0000:00000000       .debug$S                   0000000180000000     ucrt:api-ms-win-crt-runtime-l1-1-0.dll
 0000:00000000       .debug$S                   0000000180000000     ucrt:api-ms-win-crt-runtime-l1-1-0.dll
 0000:00000000       .debug$S                   0000000180000000     sf_runtime:sf_runtime.dll
 0000:00000000       .debug$S                   0000000180000000     ucrt:api-ms-win-crt-stdio-l1-1-0.dll
 0000:00000000       .debug$S                   0000000180000000     sf_runtime:sf_runtime.dll
 0000:00000000       .debug$S                   0000000180000000     ucrt:api-ms-win-crt-string-l1-1-0.dll
 0000:00000000       .debug$S                   0000000180000000     ucrt:api-ms-win-crt-string-l1-1-0.dll
 0000:00000000       .debug$S                   0000000180000000     sf_runtime:sf_runtime.dll
 0000:00000000       .debug$S                   0000000180000000     vcruntime:VCRUNTIME140.dll
 0000:00000000       .debug$S                   0000000180000000     vcruntime:VCRUNTIME140.dll
 0000:00000000       .debug$S                   0000000180000000     vcruntime:VCRUNTIME140.dll
 0000:00000000       .debug$S                   0000000180000000     vcruntime:VCRUNTIME140.dll
 0000:00000000       .debug$S                   0000000180000000     sf_runtime:sf_runtime.dll
 0000:00000000       .debug$S                   0000000180000000     kernel32:KERNEL32.dll
 0000:00000000       .debug$S                   0000000180000000     kernel32:KERNEL32.dll
 0000:00000000       .debug$S                   0000000180000000     kernel32:KERNEL32.dll
 0000:00000000       .debug$S                   0000000180000000     kernel32:KERNEL32.dll
 0000:00000000       .debug$S                   0000000180000000     kernel32:KERNEL32.dll
 0000:00000000       .debug$S                   0000000180000000     kernel32:KERNEL32.dll
 0000:00000000       .debug$S                   0000000180000000     kernel32:KERNEL32.dll
 0000:00000000       .debug$S                   0000000180000000     kernel32:KERNEL32.dll
 0000:00000000       .debug$S                   0000000180000000     kernel32:KERNEL32.dll
 0000:00000000       .debug$S                   0000000180000000     kernel32:KERNEL32.dll
 0000:00000000       .debug$S                   0000000180000000     kernel32:KERNEL32.dll
 0000:00000000       .debug$S                   0000000180000000     kernel32:KERNEL32.dll
 0000:00000000       .debug$S                   0000000180000000     kernel32:KERNEL32.dll
 0000:00000000       .debug$S                   0000000180000000     kernel32:KERNEL32.dll
 0000:00000000       .debug$S                   0000000180000000     kernel32:KERNEL32.dll
 0000:00000000       .debug$S                   0000000180000000     kernel32:KERNEL32.dll
 0000:00000000       .debug$S                   0000000180000000     kernel32:KERNEL32.dll
 0000:00000000       .debug$S                   0000000180000000     sf_runtime:sf_runtime.dll
 0000:00000000       .debug$S                   0000000180000000     sf_runtime:sf_runtime.dll
 0000:00000000       .debug$S                   0000000180000000     sf_runtime:sf_runtime.dll
 0000:00000000       .debug$S                   0000000180000000     sf_runtime:sf_runtime.dll
 0000:00000000       .debug$S                   0000000180000000     sf_runtime:sf_runtime.dll
 0000:00000000       .debug$S                   0000000180000000     sf_runtime:sf_runtime.dll
 0000:00000000       .debug$S                   0000000180000000     sf_runtime:sf_runtime.dll
 0000:00000000       .debug$S                   0000000180000000     sf_runtime:sf_runtime.dll
 0000:00000000       .debug$S                   0000000180000000     sf_runtime:sf_runtime.dll
 0000:00000000       .debug$S                   0000000180000000     sf_runtime:sf_runtime.dll
 0000:00000000       .debug$S                   0000000180000000     sf_runtime:sf_runtime.dll
 0000:00000000       .debug$S                   0000000180000000     sf_runtime:sf_runtime.dll
 0000:00000000       .debug$S                   0000000180000000     sf_runtime:sf_runtime.dll
 0000:00000000       .debug$S                   0000000180000000     sf_runtime:sf_runtime.dll
 0000:00000000       .debug$S                   0000000180000000     sf_runtime:sf_runtime.dll
 0000:00000000       .debug$S                   0000000180000000     sf_runtime:sf_runtime.dll
 0000:00000000       .debug$S                   0000000180000000     sf_runtime:sf_runtime.dll
 0000:00000000       .debug$S                   0000000180000000     sf_runtime:sf_runtime.dll
 0000:00000000       .debug$S                   0000000180000000     libmx:libmx.dll
 0000:00000000       .debug$S                   0000000180000000     sf_runtime:sf_runtime.dll
 0000:00000000       .debug$S                   0000000180000000     sf_runtime:sf_runtime.dll
 0000:00000000       .debug$S                   0000000180000000     sf_runtime:sf_runtime.dll
 0000:00000000       .debug$S                   0000000180000000     sf_runtime:sf_runtime.dll
 0000:00000000       .debug$S                   0000000180000000     sf_runtime:sf_runtime.dll
 0000:00000000       .debug$S                   0000000180000000     sf_runtime:sf_runtime.dll
 0000:00000000       .debug$S                   0000000180000000     sf_runtime:sf_runtime.dll
 0000:00000000       .debug$S                   0000000180000000     sf_runtime:sf_runtime.dll
 0000:00000000       .debug$S                   0000000180000000     sf_runtime:sf_runtime.dll
 0000:00000000       .debug$S                   0000000180000000     sf_runtime:sf_runtime.dll
 0000:00000000       .debug$S                   0000000180000000     sf_runtime:sf_runtime.dll
 0000:00000000       .debug$S                   0000000180000000     sf_runtime:sf_runtime.dll
 0000:00000000       .debug$S                   0000000180000000     sf_runtime:sf_runtime.dll
 0000:00000000       .debug$S                   0000000180000000     sf_runtime:sf_runtime.dll
 0000:00000000       .debug$S                   0000000180000000     sf_runtime:sf_runtime.dll
 0000:00000000       .debug$S                   0000000180000000     sf_runtime:sf_runtime.dll
 0000:00000000       .debug$S                   0000000180000000     sf_runtime:sf_runtime.dll
 0000:00000000       .debug$S                   0000000180000000     sf_runtime:sf_runtime.dll
 0000:00000000       .debug$S                   0000000180000000     sf_runtime:sf_runtime.dll
 0000:00000000       .debug$S                   0000000180000000     sf_runtime:sf_runtime.dll
 0000:00000000       .debug$S                   0000000180000000     sf_runtime:sf_runtime.dll
 0000:00000000       .debug$S                   0000000180000000     sf_runtime:sf_runtime.dll
 0000:00000000       .debug$S                   0000000180000000     sf_runtime:sf_runtime.dll
 0000:00000000       .debug$S                   0000000180000000     sf_runtime:sf_runtime.dll
 0000:00000000       .debug$S                   0000000180000000     sf_runtime:sf_runtime.dll
 0000:00000000       .debug$S                   0000000180000000     sf_runtime:sf_runtime.dll
 0000:00000000       .debug$S                   0000000180000000     sf_runtime:sf_runtime.dll
 0000:00000000       .debug$S                   0000000180000000     sf_runtime:sf_runtime.dll
 0000:00000000       .debug$S                   0000000180000000     sf_runtime:sf_runtime.dll
 0000:00000000       .debug$S                   0000000180000000     sf_runtime:sf_runtime.dll
 0000:00000000       .debug$S                   0000000180000000     sf_runtime:sf_runtime.dll
 0000:00000000       .debug$S                   0000000180000000     sf_runtime:sf_runtime.dll
 0000:00000000       .debug$S                   0000000180000000     sf_runtime:sf_runtime.dll
 0000:00000000       .debug$S                   0000000180000000     sf_runtime:sf_runtime.dll
 0000:00000000       .debug$S                   0000000180000000     sf_runtime:sf_runtime.dll
 0000:00000000       .debug$S                   0000000180000000     sf_runtime:sf_runtime.dll
 0000:00000000       .debug$S                   0000000180000000     sf_runtime:sf_runtime.dll
 0000:00000000       .debug$S                   0000000180000000     sf_runtime:sf_runtime.dll
 0000:00000000       .debug$S                   0000000180000000     sf_runtime:sf_runtime.dll
 0000:00000000       .debug$S                   0000000180000000     sf_runtime:sf_runtime.dll
 0000:00000000       .debug$S                   0000000180000000     sf_runtime:sf_runtime.dll
 0000:00000000       .debug$S                   0000000180000000     sf_runtime:sf_runtime.dll
 0000:00000000       .debug$S                   0000000180000000     sf_runtime:sf_runtime.dll
 0000:00000000       .debug$S                   0000000180000000     sf_runtime:sf_runtime.dll
 0000:00000000       .debug$S                   0000000180000000     sf_runtime:sf_runtime.dll
 0000:00000000       .debug$S                   0000000180000000     sf_runtime:sf_runtime.dll
 0000:00000000       .debug$S                   0000000180000000     sf_runtime:sf_runtime.dll
 0000:00000000       .debug$S                   0000000180000000     libut:libut.dll
 0000:00000000       .debug$S                   0000000180000000     libut:libut.dll
 0000:00000000       .debug$S                   0000000180000000     libmx:libmx.dll
 0000:00000000       .debug$S                   0000000180000000     libmex:libmex.dll
 0000:00000000       .debug$S                   0000000180000000     libmex:libmex.dll
 0000:00000000       .debug$S                   0000000180000000     libmex:libmex.dll
 0000:00000000       .debug$S                   0000000180000000     libmex:libmex.dll
 0000:00000000       .debug$S                   0000000180000000     libmex:libmex.dll
 0000:00000000       .debug$S                   0000000180000000     libmex:libmex.dll
 0000:00000000       .debug$S                   0000000180000000     libmex:libmex.dll
 0000:00000000       .debug$S                   0000000180000000     libmx:libmx.dll
 0000:00000000       .debug$S                   0000000180000000     libmx:libmx.dll
 0000:00000000       .debug$S                   0000000180000000     libmx:libmx.dll
 0000:00000000       .debug$S                   0000000180000000     libmx:libmx.dll
 0000:00000000       .debug$S                   0000000180000000     libmx:libmx.dll
 0000:00000000       .debug$S                   0000000180000000     libmx:libmx.dll
 0000:00000000       .debug$S                   0000000180000000     libmx:libmx.dll
 0000:00000000       .debug$S                   0000000180000000     libmx:libmx.dll
 0000:00000000       .debug$S                   0000000180000000     libmx:libmx.dll
 0000:00000000       .debug$S                   0000000180000000     libmx:libmx.dll
 0000:00000000       .debug$S                   0000000180000000     libmx:libmx.dll
 0000:00000000       .debug$S                   0000000180000000     libmx:libmx.dll
 0000:00000000       .debug$S                   0000000180000000     libmx:libmx.dll
 0000:00000000       .debug$S                   0000000180000000     libmx:libmx.dll
 0000:00000000       .debug$S                   0000000180000000     libmx:libmx.dll
 0000:00000000       .debug$S                   0000000180000000     libmx:libmx.dll
 0000:00000000       .debug$S                   0000000180000000     libmx:libmx.dll
 0000:00000000       .debug$S                   0000000180000000     libmx:libmx.dll
 0000:00000000       .debug$S                   0000000180000000     libmx:libmx.dll
 0001:00001380       chart_debug_initialization 0000000180002380 f   c5_MPC.obj
 0001:00002190       chart_debug_initialize_data_addresses 0000000180003190 f   c5_MPC.obj
 0001:000024a0       initialize_c5_MPC          00000001800034a0 f   c5_MPC.obj
 0001:00002530       initialize_params_c5_MPC   0000000180003530 f   c5_MPC.obj
 0001:00002620       enable_c5_MPC              0000000180003620 f   c5_MPC.obj
 0001:00002650       disable_c5_MPC             0000000180003650 f   c5_MPC.obj
 0001:00002680       c5_update_debugger_state_c5_MPC 0000000180003680 f   c5_MPC.obj
 0001:00002690       get_sim_state_c5_MPC       0000000180003690 f   c5_MPC.obj
 0001:00002a20       set_sim_state_c5_MPC       0000000180003a20 f   c5_MPC.obj
 0001:00002bb0       finalize_c5_MPC            0000000180003bb0 f   c5_MPC.obj
 0001:00002bc0       sf_gateway_c5_MPC          0000000180003bc0 f   c5_MPC.obj
 0001:00002f90       mdl_start_c5_MPC           0000000180003f90 f   c5_MPC.obj
 0001:00002fc0       c5_chartstep_c5_MPC        0000000180003fc0 f   c5_MPC.obj
 0001:00003eb0       initSimStructsc5_MPC       0000000180004eb0 f   c5_MPC.obj
 0001:00003ec0       init_script_number_translation 0000000180004ec0 f   c5_MPC.obj
 0001:00003ee0       c5_sf_marshallOut          0000000180004ee0 f   c5_MPC.obj
 0001:00004050       c5_emlrt_marshallIn        0000000180005050 f   c5_MPC.obj
 0001:00004150       c5_sf_marshallIn           0000000180005150 f   c5_MPC.obj
 0001:000042a0       c5_b_sf_marshallOut        00000001800052a0 f   c5_MPC.obj
 0001:000043b0       c5_b_emlrt_marshallIn      00000001800053b0 f   c5_MPC.obj
 0001:000044a0       c5_b_sf_marshallIn         00000001800054a0 f   c5_MPC.obj
 0001:000045b0       c5_c_sf_marshallOut        00000001800055b0 f   c5_MPC.obj
 0001:000046c0       c5_c_emlrt_marshallIn      00000001800056c0 f   c5_MPC.obj
 0001:000047b0       c5_c_sf_marshallIn         00000001800057b0 f   c5_MPC.obj
 0001:000048c0       c5_d_sf_marshallOut        00000001800058c0 f   c5_MPC.obj
 0001:00004970       c5_d_emlrt_marshallIn      0000000180005970 f   c5_MPC.obj
 0001:000049e0       c5_e_emlrt_marshallIn      00000001800059e0 f   c5_MPC.obj
 0001:00004a70       c5_d_sf_marshallIn         0000000180005a70 f   c5_MPC.obj
 0001:00004b20       c5_e_sf_marshallOut        0000000180005b20 f   c5_MPC.obj
 0001:00004c80       c5_f_sf_marshallOut        0000000180005c80 f   c5_MPC.obj
 0001:00004d90       c5_g_sf_marshallOut        0000000180005d90 f   c5_MPC.obj
 0001:00004f00       c5_h_sf_marshallOut        0000000180005f00 f   c5_MPC.obj
 0001:00005010       c5_i_sf_marshallOut        0000000180006010 f   c5_MPC.obj
 0001:000050c0       c5_f_emlrt_marshallIn      00000001800060c0 f   c5_MPC.obj
 0001:00005130       c5_g_emlrt_marshallIn      0000000180006130 f   c5_MPC.obj
 0001:000051c0       c5_e_sf_marshallIn         00000001800061c0 f   c5_MPC.obj
 0001:00005270       c5_j_sf_marshallOut        0000000180006270 f   c5_MPC.obj
 0001:00005390       c5_h_emlrt_marshallIn      0000000180006390 f   c5_MPC.obj
 0001:00005410       c5_i_emlrt_marshallIn      0000000180006410 f   c5_MPC.obj
 0001:000054d0       c5_f_sf_marshallIn         00000001800064d0 f   c5_MPC.obj
 0001:00005590       c5_j_emlrt_marshallIn      0000000180006590 f   c5_MPC.obj
 0001:00005600       c5_k_emlrt_marshallIn      0000000180006600 f   c5_MPC.obj
 0001:00005690       init_dsm_address_info      0000000180006690 f   c5_MPC.obj
 0001:000056a0       init_simulink_io_address   00000001800066a0 f   c5_MPC.obj
 0001:00006880       sf_get_sim_state_info_c5_MPC 0000000180007880 f   c5_MPC.obj
 0001:00006950       sf_get_instance_specialization 0000000180007950 f   c5_MPC.obj
 0001:00006960       sf_opaque_initialize_c5_MPC 0000000180007960 f   c5_MPC.obj
 0001:000069a0       sf_opaque_enable_c5_MPC    00000001800079a0 f   c5_MPC.obj
 0001:000069c0       sf_opaque_disable_c5_MPC   00000001800079c0 f   c5_MPC.obj
 0001:000069e0       sf_opaque_gateway_c5_MPC   00000001800079e0 f   c5_MPC.obj
 0001:00006a00       sf_opaque_get_sim_state_c5_MPC 0000000180007a00 f   c5_MPC.obj
 0001:00006a30       sf_opaque_set_sim_state_c5_MPC 0000000180007a30 f   c5_MPC.obj
 0001:00006a60       sf_opaque_terminate_c5_MPC 0000000180007a60 f   c5_MPC.obj
 0001:00006b00       mdlProcessParameters_c5_MPC 0000000180007b00 f   c5_MPC.obj
 0001:00006bc0       mdlSetWorkWidths_c5_MPC    0000000180007bc0 f   c5_MPC.obj
 0001:00007550       mdlRTW_c5_MPC              0000000180008550 f   c5_MPC.obj
 0001:00007590       mdlStart_c5_MPC            0000000180008590 f   c5_MPC.obj
 0001:00009d3c       $LN180                     000000018000ad3c     MPC_sfun_registry.obj
 0001:0000ab24       $LN17                      000000018000bb24     MPC_sfun_registry.obj
 0001:0000b224       $LN26                      000000018000c224     MPC_sfun_registry.obj
 0001:0000b904       $LN23                      000000018000c904     MPC_sfun_registry.obj
 0001:0000d98c       $LN26                      000000018000e98c     MPC_sfun_registry.obj
 0001:0000eec0       sf_debug_api_wrapper       000000018000fec0 f   MPC_sfun_registry.obj
 0001:0000ef10       ProcessMexSfunctionCmdLineCall 000000018000ff10 f   MPC_sfun_registry.obj
 0001:0000f2a0       mdlSetWorkWidths           00000001800102a0 f   MPC_sfun_registry.obj
 0001:0000f2f0       mdlProcessParameters       00000001800102f0 f   MPC_sfun_registry.obj
 0001:0000f320       mdl_start_processing       0000000180010320 f   MPC_sfun_registry.obj
 0001:0000f380       mdl_terminate_processing   0000000180010380 f   MPC_sfun_registry.obj
 0001:0000f440       mdlStart                   0000000180010440 f   MPC_sfun_registry.obj
 0001:0000f470       mdlTerminate               0000000180010470 f   MPC_sfun_registry.obj
 0001:0000f4a0       mdlInitializeSizes         00000001800104a0 f   MPC_sfun_registry.obj
 0001:0000f4d0       mdlInitializeSampleTimes   00000001800104d0 f   MPC_sfun_registry.obj
 0001:0000f500       mdl_outputs_continuous_legacy 0000000180010500 f   MPC_sfun_registry.obj
 0001:0000f600       mdl_outputs_processing     0000000180010600 f   MPC_sfun_registry.obj
 0001:0000f720       mdl_zeroCrossings_processing 0000000180010720 f   MPC_sfun_registry.obj
 0001:0000f760       mdlZeroCrossings           0000000180010760 f   MPC_sfun_registry.obj
 0001:0000f790       mdl_derivatives_processing 0000000180010790 f   MPC_sfun_registry.obj
 0001:0000f7e0       mdlDerivatives             00000001800107e0 f   MPC_sfun_registry.obj
 0001:0000f810       mdl_initialize_conditions_processing 0000000180010810 f   MPC_sfun_registry.obj
 0001:0000f860       mdlInitializeConditions    0000000180010860 f   MPC_sfun_registry.obj
 0001:0000f890       mdl_ext_mode_exec_processing 0000000180010890 f   MPC_sfun_registry.obj
 0001:0000f8d0       mdlExtModeExec             00000001800108d0 f   MPC_sfun_registry.obj
 0001:0000f900       mdlRTW                     0000000180010900 f   MPC_sfun_registry.obj
 0001:0000f940       mdl_enable_processing      0000000180010940 f   MPC_sfun_registry.obj
 0001:0000f980       mdlEnable                  0000000180010980 f   MPC_sfun_registry.obj
 0001:0000f9b0       mdl_disable_processing     00000001800109b0 f   MPC_sfun_registry.obj
 0001:0000f9f0       mdlDisable                 00000001800109f0 f   MPC_sfun_registry.obj
 0001:0000fa20       mdlOutputs                 0000000180010a20 f   MPC_sfun_registry.obj
 0001:0000fa50       mdl_update_processing      0000000180010a50 f   MPC_sfun_registry.obj
 0001:0000faa0       mdlUpdate                  0000000180010aa0 f   MPC_sfun_registry.obj
 0001:0000fc80       mdlGetTimeOfNextVarHit     0000000180010c80 f   MPC_sfun_registry.obj
 0001:0000fcd0       _RegNumInputPortsCB        0000000180010cd0 f   MPC_sfun_registry.obj
 0001:0000fd50       _RegNumOutputPortsCB       0000000180010d50 f   MPC_sfun_registry.obj
 0001:0000fdd0       _CreateSimStruct           0000000180010dd0 f   MPC_sfun_registry.obj
 0001:0000ffd0       _ProcessMexSfunctionCmdLineCall 0000000180010fd0 f   MPC_sfun_registry.obj
 0001:00010a10       ReportIndexOutOfBoundsError 0000000180011a10 f   MPC_sfun_registry.obj
 0001:00011278       capture_current_context    0000000180012278 f   MSVCRT:gs_report.obj
 0001:000112e8       capture_previous_context   00000001800122e8 f   MSVCRT:gs_report.obj
 0001:000113e0       $$000000                   00000001800123e0     MSVCRT:_amdsecgs_.obj
 0001:00011420       $$000000                   0000000180012420     MSVCRT:_chkstk_.obj
 0001:00011484       ?dllmain_crt_dispatch@@YAHQEAUHINSTANCE__@@KQEAX@Z 0000000180012484 f   MSVCRT:dll_dllmain.obj
 0001:000114d4       ?dllmain_crt_process_attach@@YAHQEAUHINSTANCE__@@QEAX@Z 00000001800124d4 f   MSVCRT:dll_dllmain.obj
 0001:00011600       ?dllmain_crt_process_detach@@YAH_N@Z 0000000180012600 f   MSVCRT:dll_dllmain.obj
 0001:00011684       ?dllmain_dispatch@@YAHQEAUHINSTANCE__@@KQEAX@Z 0000000180012684 f   MSVCRT:dll_dllmain.obj
 0001:0001177c       ?dllmain_raw@@YAHQEAUHINSTANCE__@@KQEAX@Z 000000018001277c f   MSVCRT:dll_dllmain.obj
 0001:00011870       ?find_pe_section@@YAPEAU_IMAGE_SECTION_HEADER@@QEAE_K@Z 0000000180012870 f   MSVCRT:utility.obj
 0001:000118bc       ?is_potentially_valid_image_base@@YA_NQEAX@Z 00000001800128bc f   MSVCRT:utility.obj
 0001:000123f0       $$000000                   00000001800133f0     MSVCRT:_guard_dispatch_.obj
[...]
 0004:000001e0       $pdata$c5_g_sf_marshallOut 000000018001b1e0     c5_MPC.obj
 0004:000001ec       $pdata$c5_h_sf_marshallOut 000000018001b1ec     c5_MPC.obj
 0004:000001f8       $pdata$c5_i_sf_marshallOut 000000018001b1f8     c5_MPC.obj
 0004:00000204       $pdata$c5_f_emlrt_marshallIn 000000018001b204     c5_MPC.obj
 0004:00000210       $pdata$c5_g_emlrt_marshallIn 000000018001b210     c5_MPC.obj
 0004:0000021c       $pdata$c5_e_sf_marshallIn  000000018001b21c     c5_MPC.obj
 0004:00000228       $pdata$c5_j_sf_marshallOut 000000018001b228     c5_MPC.obj
 0004:00000234       $pdata$c5_h_emlrt_marshallIn 000000018001b234     c5_MPC.obj
 0004:00000240       $pdata$c5_i_emlrt_marshallIn 000000018001b240     c5_MPC.obj
 0004:0000024c       $pdata$c5_f_sf_marshallIn  000000018001b24c     c5_MPC.obj
 0004:00000258       $pdata$c5_j_emlrt_marshallIn 000000018001b258     c5_MPC.obj
 0004:00000264       $pdata$c5_k_emlrt_marshallIn 000000018001b264     c5_MPC.obj
 0004:00000270       $pdata$init_simulink_io_address 000000018001b270     c5_MPC.obj
 0004:0000027c       $pdata$sf_c5_MPC_get_post_codegen_info 000000018001b27c     c5_MPC.obj
 0004:00000288       $pdata$sf_c5_MPC_get_autoinheritance_info 000000018001b288     c5_MPC.obj
 0004:00000294       $pdata$sf_c5_MPC_third_party_uses_info 000000018001b294     c5_MPC.obj
 0004:000002a0       $pdata$sf_c5_MPC_jit_fallback_info 000000018001b2a0     c5_MPC.obj
 0004:000002ac       $pdata$sf_c5_MPC_updateBuildInfo_args_info 000000018001b2ac     c5_MPC.obj
 0004:000002b8       $pdata$sf_get_sim_state_info_c5_MPC 000000018001b2b8     c5_MPC.obj
 0004:000002c4       $pdata$sf_opaque_initialize_c5_MPC 000000018001b2c4     c5_MPC.obj
 0004:000002d0       $pdata$sf_opaque_enable_c5_MPC 000000018001b2d0     c5_MPC.obj
 0004:000002dc       $pdata$sf_opaque_disable_c5_MPC 000000018001b2dc     c5_MPC.obj
 0004:000002e8       $pdata$sf_opaque_gateway_c5_MPC 000000018001b2e8     c5_MPC.obj
 0004:000002f4       $pdata$sf_opaque_get_sim_state_c5_MPC 000000018001b2f4     c5_MPC.obj
 0004:00000300       $pdata$sf_opaque_set_sim_state_c5_MPC 000000018001b300     c5_MPC.obj
 0004:0000030c       $pdata$sf_opaque_terminate_c5_MPC 000000018001b30c     c5_MPC.obj
 0004:00000318       $pdata$mdlProcessParameters_c5_MPC 000000018001b318     c5_MPC.obj
 0004:00000324       $pdata$mdlSetWorkWidths_c5_MPC 000000018001b324     c5_MPC.obj
 0004:00000330       $pdata$mdlRTW_c5_MPC       000000018001b330     c5_MPC.obj
 0004:0000033c       $pdata$mdlStart_c5_MPC     000000018001b33c     c5_MPC.obj
 0004:00000348       $pdata$mexFunction         000000018001b348     MPC_sfun_registry.obj
 0004:00000354       $pdata$_ssSetInputPortDirectFeedThroughFcn 000000018001b354     MPC_sfun_registry.obj
 0004:00000360       $pdata$_ssSetRWorkValueFcn 000000018001b360     MPC_sfun_registry.obj
 0004:0000036c       $pdata$_ssGetRWorkValueFcn 000000018001b36c     MPC_sfun_registry.obj
 0004:00000378       $pdata$_ssSetIWorkValueFcn 000000018001b378     MPC_sfun_registry.obj
 0004:00000384       $pdata$_ssGetIWorkValueFcn 000000018001b384     MPC_sfun_registry.obj
 0004:00000390       $pdata$_ssSetPWorkValueFcn 000000018001b390     MPC_sfun_registry.obj
 0004:0000039c       $pdata$_ssGetPWorkValueFcn 000000018001b39c     MPC_sfun_registry.obj
 0004:000003a8       $pdata$_ssGetInputPortSignalFcn 000000018001b3a8     MPC_sfun_registry.obj
 0004:000003b4       $pdata$_ssGetInputPortBufferDstPortFcn 000000018001b3b4     MPC_sfun_registry.obj
 0004:000003c0       $pdata$_ssGetInputPortSignalPtrsFcn 000000018001b3c0     MPC_sfun_registry.obj
 0004:000003cc       $pdata$ssGetParameterTuningCompliance 000000018001b3cc     MPC_sfun_registry.obj
 0004:000003d8       $pdata$ssGetDTypeIdFromMxArray 000000018001b3d8     MPC_sfun_registry.obj
 0004:000003e4       $pdata$ssWriteRTWMx2dMatParam 000000018001b3e4     MPC_sfun_registry.obj
 0004:000003f0       $pdata$ssWriteRTWMxVectParam 000000018001b3f0     MPC_sfun_registry.obj
 0004:000003fc       $pdata$ssWriteRTWParameters 000000018001b3fc     MPC_sfun_registry.obj
 0004:00000408       $pdata$ssWriteRTWParamSettings 000000018001b408     MPC_sfun_registry.obj
 0004:00000414       $pdata$ssWriteRTWStr       000000018001b414     MPC_sfun_registry.obj
 0004:00000420       $pdata$ssWriteRTWWorkVect  000000018001b420     MPC_sfun_registry.obj
 0004:0000042c       $pdata$ssWarning           000000018001b42c     MPC_sfun_registry.obj
 0004:00000438       $pdata$_ssSetInputPortReusableFcn 000000018001b438     MPC_sfun_registry.obj
 0004:00000444       $pdata$_ssSetOutputPortReusableFcn 000000018001b444     MPC_sfun_registry.obj
 0004:00000450       $pdata$_ssSetSymbolicDimsSupport 000000018001b450     MPC_sfun_registry.obj
 0004:0000045c       $pdata$_ssRegisterSymbolicDimsExpr 000000018001b45c     MPC_sfun_registry.obj
 0004:00000468       $pdata$_ssRegisterSymbolicDims 000000018001b468     MPC_sfun_registry.obj
 0004:00000474       $pdata$_ssRegisterSymbolicDimsString 000000018001b474     MPC_sfun_registry.obj
 0004:00000480       $pdata$_ssRegisterSymbolicDimsIntValue 000000018001b480     MPC_sfun_registry.obj
 0004:0000048c       $pdata$_ssRegisterSymbolicDimsPlus 000000018001b48c     MPC_sfun_registry.obj
 0004:00000498       $pdata$_ssRegisterSymbolicDimsMinus 000000018001b498     MPC_sfun_registry.obj
 0004:000004a4       $pdata$_ssRegisterSymbolicDimsMultiply 000000018001b4a4     MPC_sfun_registry.obj
 0004:000004b0       $pdata$_ssRegisterSymbolicDimsDivide 000000018001b4b0     MPC_sfun_registry.obj
 0004:000004bc       $pdata$_ssGetNumSymbolicDims 000000018001b4bc     MPC_sfun_registry.obj
 0004:000004c8       $pdata$_ssGetSymbolicDim   000000018001b4c8     MPC_sfun_registry.obj
 0004:000004d4       $pdata$_ssSetInputPortSymbolicDimsId 000000018001b4d4     MPC_sfun_registry.obj
 0004:000004e0       $pdata$_ssGetCompInputPortSymbolicDimsId 000000018001b4e0     MPC_sfun_registry.obj
 0004:000004ec       $pdata$_ssSetCompInputPortSymbolicDimsId 000000018001b4ec     MPC_sfun_registry.obj
 0004:000004f8       $pdata$_ssSetOutputPortSymbolicDimsId 000000018001b4f8     MPC_sfun_registry.obj
 0004:00000504       $pdata$_ssGetCompOutputPortSymbolicDimsId 000000018001b504     MPC_sfun_registry.obj
 0004:00000510       $pdata$_ssSetCompOutputPortSymbolicDimsId 000000018001b510     MPC_sfun_registry.obj
 0004:0000051c       $pdata$_ssSetCompDWorkSymbolicDimsId 000000018001b51c     MPC_sfun_registry.obj
 0004:00000528       $pdata$ssGetIsZeroCrossControlDisabled 000000018001b528     MPC_sfun_registry.obj
 0004:00000534       $pdata$ssSetIsInputPortUsedForContZcSignal 000000018001b534     MPC_sfun_registry.obj
 0004:00000540       $pdata$ssSetZcSignalIsZcElementDisc 000000018001b540     MPC_sfun_registry.obj
 0004:0000054c       $pdata$ssSetZcSignalName   000000018001b54c     MPC_sfun_registry.obj
 0004:00000558       $pdata$ssSetZcSignalWidth  000000018001b558     MPC_sfun_registry.obj
 0004:00000564       $pdata$ssSetZcSignalZcEventType 000000018001b564     MPC_sfun_registry.obj
 0004:00000570       $pdata$ssSetZcSignalType   000000018001b570     MPC_sfun_registry.obj
 0004:0000057c       $pdata$ssSetZcSignalZcTol  000000018001b57c     MPC_sfun_registry.obj
 0004:00000588       $pdata$ssSetZcSignalNeedsEventNotification 000000018001b588     MPC_sfun_registry.obj
 0004:00000594       $pdata$ssCreateAndAddZcSignalInfo 000000018001b594     MPC_sfun_registry.obj
 0004:000005a0       $pdata$ssCloneAndAddZcSignalInfo 000000018001b5a0     MPC_sfun_registry.obj
 0004:000005ac       $pdata$ssGetNumZcSignals   000000018001b5ac     MPC_sfun_registry.obj
 0004:000005b8       $pdata$ssGetZcSignalVector 000000018001b5b8     MPC_sfun_registry.obj
 0004:000005c4       $pdata$ssGetZcSignalName   000000018001b5c4     MPC_sfun_registry.obj
 0004:000005d0       $pdata$ssGetZcSignalWidth  000000018001b5d0     MPC_sfun_registry.obj
 0004:000005dc       $pdata$ssGetZcSignalZcEventType 000000018001b5dc     MPC_sfun_registry.obj
 0004:000005e8       $pdata$ssGetZcSignalZcEvents 000000018001b5e8     MPC_sfun_registry.obj
 0004:000005f4       $pdata$ssGetZcSignalType   000000018001b5f4     MPC_sfun_registry.obj
 0004:00000600       $pdata$ssGetZcSignalZcTol  000000018001b600     MPC_sfun_registry.obj
 0004:0000060c       $pdata$ssGetZcSignalNeedsEventNotification 000000018001b60c     MPC_sfun_registry.obj
 0004:00000618       $pdata$ssGetZcSignalIsZcElementDisc 000000018001b618     MPC_sfun_registry.obj
 0004:00000624       $pdata$ssGetIsInputPortElementContinuous 000000018001b624     MPC_sfun_registry.obj
 0004:00000630       $pdata$ssWriteRTWNameValuePair 000000018001b630     MPC_sfun_registry.obj
 0004:0000063c       $pdata$_ssSetInputPortMatrixDimensions 000000018001b63c     MPC_sfun_registry.obj
 0004:00000648       $pdata$_ssSetOutputPortMatrixDimensions 000000018001b648     MPC_sfun_registry.obj
 0004:00000654       $pdata$_ssSetInputPortVectorDimension 000000018001b654     MPC_sfun_registry.obj
 0004:00000660       $pdata$_ssSetOutputPortVectorDimension 000000018001b660     MPC_sfun_registry.obj
 0004:0000066c       $pdata$ssIsRunTimeParamTunable 000000018001b66c     MPC_sfun_registry.obj
 0004:00000678       $pdata$ssGetSFuncBlockHandle 000000018001b678     MPC_sfun_registry.obj
 0004:00000684       $pdata$_ssGetCurrentInputPortWidth 000000018001b684     MPC_sfun_registry.obj
 0004:00000690       $pdata$_ssGetCurrentOutputPortWidth 000000018001b690     MPC_sfun_registry.obj
 0004:0000069c       $pdata$_ssGetCallSystemNumFcnCallDestinations 000000018001b69c     MPC_sfun_registry.obj
 0004:000006a8       $pdata$_ssGetAbsTol        000000018001b6a8     MPC_sfun_registry.obj
 0004:000006b4       $pdata$sf_process_check_sum_call 000000018001b6b4     MPC_sfun_registry.obj
 0004:000006c0       $pdata$sf_process_testpoint_info_call 000000018001b6c0     MPC_sfun_registry.obj
 0004:000006cc       $pdata$sf_process_autoinheritance_call 000000018001b6cc     MPC_sfun_registry.obj
 0004:000006d8       $pdata$sf_process_get_third_party_uses_info_call 000000018001b6d8     MPC_sfun_registry.obj
 0004:000006e4       $pdata$sf_process_get_jit_fallback_info_call 000000018001b6e4     MPC_sfun_registry.obj
 0004:000006f0       $pdata$sf_process_get_updateBuildInfo_args_info_call 000000018001b6f0     MPC_sfun_registry.obj
 0004:000006fc       $pdata$sf_process_get_eml_resolved_functions_info_call 000000018001b6fc     MPC_sfun_registry.obj
 0004:00000708       $pdata$sf_mex_unlock_call  000000018001b708     MPC_sfun_registry.obj
 0004:00000714       $pdata$sf_debug_api_wrapper 000000018001b714     MPC_sfun_registry.obj
 0004:00000720       $pdata$ProcessMexSfunctionCmdLineCall 000000018001b720     MPC_sfun_registry.obj
 0004:0000072c       $pdata$sf_machine_global_initializer_called 000000018001b72c     MPC_sfun_registry.obj
 0004:00000738       $pdata$sf_machine_global_method_dispatcher 000000018001b738     MPC_sfun_registry.obj
 0004:00000744       $pdata$sf_machine_global_terminator 000000018001b744     MPC_sfun_registry.obj
 0004:00000750       $pdata$sf_register_machine_exported_symbols 000000018001b750     MPC_sfun_registry.obj
 0004:0000075c       $pdata$sf_machine_global_initializer 000000018001b75c     MPC_sfun_registry.obj
 0004:00000768       $pdata$mdlGetSimState      000000018001b768     MPC_sfun_registry.obj
 0004:00000774       $pdata$mdlSetSimState      000000018001b774     MPC_sfun_registry.obj
 0004:00000780       $pdata$mdlSetWorkWidths    000000018001b780     MPC_sfun_registry.obj
 0004:0000078c       $pdata$mdlProcessParameters 000000018001b78c     MPC_sfun_registry.obj
 0004:00000798       $pdata$mdl_start_processing 000000018001b798     MPC_sfun_registry.obj
 0004:000007a4       $pdata$mdl_terminate_processing 000000018001b7a4     MPC_sfun_registry.obj
 0004:000007b0       $pdata$mdlStart            000000018001b7b0     MPC_sfun_registry.obj
 0004:000007bc       $pdata$mdlTerminate        000000018001b7bc     MPC_sfun_registry.obj
 0004:000007c8       $pdata$mdlInitializeSizes  000000018001b7c8     MPC_sfun_registry.obj
 0004:000007d4       $pdata$mdlInitializeSampleTimes 000000018001b7d4     MPC_sfun_registry.obj
 0004:000007e0       $pdata$mdl_outputs_continuous_legacy 000000018001b7e0     MPC_sfun_registry.obj
 0004:000007ec       $pdata$mdl_outputs_processing 000000018001b7ec     MPC_sfun_registry.obj
 0004:000007f8       $pdata$mdl_zeroCrossings_processing 000000018001b7f8     MPC_sfun_registry.obj
 0004:00000804       $pdata$mdlZeroCrossings    000000018001b804     MPC_sfun_registry.obj
 0004:00000810       $pdata$mdl_derivatives_processing 000000018001b810     MPC_sfun_registry.obj
 0004:0000081c       $pdata$mdlDerivatives      000000018001b81c     MPC_sfun_registry.obj
 0004:00000828       $pdata$mdl_initialize_conditions_processing 000000018001b828     MPC_sfun_registry.obj
 0004:00000834       $pdata$mdlInitializeConditions 000000018001b834     MPC_sfun_registry.obj
 0004:00000840       $pdata$mdl_ext_mode_exec_processing 000000018001b840     MPC_sfun_registry.obj
 0004:0000084c       $pdata$mdlExtModeExec      000000018001b84c     MPC_sfun_registry.obj
 0004:00000858       $pdata$mdlRTW              000000018001b858     MPC_sfun_registry.obj
 0004:00000864       $pdata$mdl_enable_processing 000000018001b864     MPC_sfun_registry.obj
 0004:00000870       $pdata$mdlEnable           000000018001b870     MPC_sfun_registry.obj
 0004:0000087c       $pdata$mdl_disable_processing 000000018001b87c     MPC_sfun_registry.obj
 0004:00000888       $pdata$mdlDisable          000000018001b888     MPC_sfun_registry.obj
 0004:00000894       $pdata$mdlOutputs          000000018001b894     MPC_sfun_registry.obj
 0004:000008a0       $pdata$mdl_update_processing 000000018001b8a0     MPC_sfun_registry.obj
 0004:000008ac       $pdata$mdlUpdate           000000018001b8ac     MPC_sfun_registry.obj
 0004:000008b8       $pdata$ProcessMexSfunctionEveryCall 000000018001b8b8     MPC_sfun_registry.obj
 0004:000008c4       $pdata$_RegNumInputPortsCB 000000018001b8c4     MPC_sfun_registry.obj
 0004:000008d0       $pdata$_RegNumOutputPortsCB 000000018001b8d0     MPC_sfun_registry.obj
 0004:000008dc       $pdata$_CreateSimStruct    000000018001b8dc     MPC_sfun_registry.obj
 0004:000008e8       $pdata$_ProcessMexSfunctionCmdLineCall 000000018001b8e8     MPC_sfun_registry.obj
 0004:000008f4       $pdata$ReportIndexOutOfBoundsError 000000018001b8f4     MPC_sfun_registry.obj
 0004:00000900       $pdata$_vsnprintf_l        000000018001b900     MPC_sfun_registry.obj
 0004:0000090c       $pdata$_vsprintf_l         000000018001b90c     MPC_sfun_registry.obj
 0004:00000918       $pdata$sprintf             000000018001b918     MPC_sfun_registry.obj
 0004:00000924       $pdata$__raise_securityfailure 000000018001b924     MSVCRT:gs_report.obj
 0004:00000930       $pdata$__report_gsfailure  000000018001b930     MSVCRT:gs_report.obj
 0004:0000093c       $pdata$__report_rangecheckfailure 000000018001b93c     MSVCRT:gs_report.obj
 0004:00000948       $pdata$__report_securityfailure 000000018001b948     MSVCRT:gs_report.obj
 0004:00000954       $pdata$__report_securityfailureEx 000000018001b954     MSVCRT:gs_report.obj
 0004:00000960       $pdata$capture_current_context 000000018001b960     MSVCRT:gs_report.obj
 0004:0000096c       $pdata$capture_previous_context 000000018001b96c     MSVCRT:gs_report.obj
 0004:00000978       $pdata$__GSHandlerCheck    000000018001b978     MSVCRT:_gshandler_.obj
 0004:00000984       $pdata$__GSHandlerCheckCommon 000000018001b984     MSVCRT:_gshandler_.obj
 0004:000009a8       $pdata$?dllmain_crt_dispatch@@YAHQEAUHINSTANCE__@@KQEAX@Z 000000018001b9a8     MSVCRT:dll_dllmain.obj
 0004:000009b4       $pdata$?dllmain_crt_process_attach@@YAHQEAUHINSTANCE__@@QEAX@Z 000000018001b9b4     MSVCRT:dll_dllmain.obj
 0004:000009c0       $pdata$?dllmain_crt_process_detach@@YAH_N@Z 000000018001b9c0     MSVCRT:dll_dllmain.obj
 0004:000009cc       $pdata$?dllmain_dispatch@@YAHQEAUHINSTANCE__@@KQEAX@Z 000000018001b9cc     MSVCRT:dll_dllmain.obj
 0004:000009d8       $pdata$?dllmain_raw@@YAHQEAUHINSTANCE__@@KQEAX@Z 000000018001b9d8     MSVCRT:dll_dllmain.obj
 0004:000009e4       $pdata$_DllMainCRTStartup  000000018001b9e4     MSVCRT:dll_dllmain.obj
 0004:000009f0       $pdata$?configure_argv@__scrt_narrow_argv_policy@@SAHXZ 000000018001b9f0     MSVCRT:utility.obj
 0004:000009fc       $pdata$__scrt_acquire_startup_lock 000000018001b9fc     MSVCRT:utility.obj
 0004:00000a08       $pdata$__scrt_dllmain_after_initialize_c 000000018001ba08     MSVCRT:utility.obj
 0004:00000a14       $pdata$__scrt_dllmain_before_initialize_c 000000018001ba14     MSVCRT:utility.obj
 0004:00000a20       $pdata$__scrt_dllmain_crt_thread_attach 000000018001ba20     MSVCRT:utility.obj
 0004:00000a2c       $pdata$__scrt_dllmain_crt_thread_detach 000000018001ba2c     MSVCRT:utility.obj
 0004:00000a38       $pdata$__scrt_dllmain_exception_filter 000000018001ba38     MSVCRT:utility.obj
 0004:00000a44       $pdata$__scrt_dllmain_uninitialize_c 000000018001ba44     MSVCRT:utility.obj
 0004:00000a50       $pdata$__scrt_dllmain_uninitialize_critical 000000018001ba50     MSVCRT:utility.obj
 0004:00000a5c       $pdata$__scrt_initialize_crt 000000018001ba5c     MSVCRT:utility.obj
 0004:00000a68       $pdata$__scrt_initialize_onexit_tables 000000018001ba68     MSVCRT:utility.obj
 0004:00000a74       $pdata$__scrt_is_nonwritable_in_current_image 000000018001ba74     MSVCRT:utility.obj
 0004:00000a80       $pdata$__scrt_release_startup_lock 000000018001ba80     MSVCRT:utility.obj
 0004:00000a8c       $pdata$__scrt_uninitialize_crt 000000018001ba8c     MSVCRT:utility.obj
 0004:00000a98       $pdata$_onexit             000000018001ba98     MSVCRT:utility.obj
 0004:00000aa4       $pdata$atexit              000000018001baa4     MSVCRT:utility.obj
 0004:00000ab0       $pdata$__security_init_cookie 000000018001bab0     MSVCRT:gs_support.obj
 0004:00000abc       $pdata$DllMain             000000018001babc     MSVCRT:dll_dllmain_stub.obj
 0004:00000ac8       $pdata$__scrt_initialize_default_local_stdio_options 000000018001bac8     MSVCRT:default_local_stdio_options.obj
 0004:00000ad4       $pdata$__scrt_fastfail     000000018001bad4     MSVCRT:utility_desktop.obj
 0004:00000ae0       $pdata$__scrt_get_show_window_mode 000000018001bae0     MSVCRT:utility_desktop.obj
 0004:00000aec       $pdata$__scrt_is_managed_app 000000018001baec     MSVCRT:utility_desktop.obj
 0004:00000af8       $pdata$__scrt_unhandled_exception_filter 000000018001baf8     MSVCRT:utility_desktop.obj
 0004:00000b04       $pdata$_RTC_Initialize     000000018001bb04     MSVCRT:_initsect_.obj
 0004:00000b10       $pdata$_RTC_Terminate      000000018001bb10     MSVCRT:_initsect_.obj
 0004:00000b1c       $pdata$__isa_available_init 000000018001bb1c     MSVCRT:_cpu_disp_.obj
 0004:00000b34       $pdata$?fin$0@?0??dllmain_crt_process_attach@@YAHQEAUHINSTANCE__@@QEAX@Z@4HA 000000018001bb34     MSVCRT:dll_dllmain.obj
 0004:00000b40       $pdata$?fin$0@?0??dllmain_crt_process_detach@@YAH_N@Z@4HA 000000018001bb40     MSVCRT:dll_dllmain.obj
 0004:00000b4c       $pdata$?filt$0@?0??dllmain_dispatch@@YAHQEAUHINSTANCE__@@KQEAX@Z@4HA 000000018001bb4c     MSVCRT:dll_dllmain.obj
 0004:00000b58       $pdata$__scrt_is_nonwritable_in_current_image$filt$0 000000018001bb58     MSVCRT:utility.obj
 0005:00000000       __guard_fids_?dllmain_crt_process_attach@@YAHQEAUHINSTANCE__@@QEAX@Z 000000018001c000     MSVCRT:dll_dllmain.obj
 0005:00000008       __guard_fids_?dllmain_dispatch@@YAHQEAUHINSTANCE__@@KQEAX@Z 000000018001c008     MSVCRT:dll_dllmain.obj
 0005:0000000c       __guard_fids___scrt_set_unhandled_exception_filter 000000018001c00c     MSVCRT:utility_desktop.obj
 0005:00000010       __guard_fids__             000000018001c010     MSVCRT:guard_support.obj
 0005:00000014       __guard_fids__guard_icall_checks_enforced 000000018001c014     MSVCRT:guard_support.obj
